[FILA 007] ACTUALIZADO     : Juan Pérez (Copia) (11111111-1)
[FILA 008] ACTUALIZADO     : María González (Copia) (22222222-2)
[FILA 009] ACTUALIZADO     : Pedro Soto (Copia) (33333333-3)
[FILA 010] ACTUALIZADO     : Édgar Paredes (17029889-6)
[FILA 011] ACTUALIZADO     : Víctor Pacheco (32487347-3)
[FILA 012] ACTUALIZADO     : Gabriela Gallardo (18958289-7)
[FILA 013] ACTUALIZADO     : Melissa Muñoz (33549181-5)
[FILA 014] ACTUALIZADO     : Camila Bustos (32936053-9)
[FILA 015] ACTUALIZADO     : Catalina Mendoza (31744459-1)
[FILA 016] ACTUALIZADO     : Lorena Morales (12395870-5)
[FILA 017] ACTUALIZADO     : Juan Carlos Torres (30439044-1)
[FILA 018] ACTUALIZADO     : Édgar Villarreal (31306335-6)
[FILA 019] ACTUALIZADO     : Renata Medina (15742460-2)
[FILA 020] ACTUALIZADO     : Luis Ángel Quiroz (27922760-3)
[FILA 021] ACTUALIZADO     : Valeria Jiménez (34465435-2)
[FILA 022] ACTUALIZADO     : Pilar Farías (18214491-6)
[FILA 023] ACTUALIZADO     : Isabel Arias (15482877-K)
[FILA 024] ACTUALIZADO     : Juan Pablo Cifuentes (25510878-6)
[FILA 025] ACTUALIZADO     : José Vera (22732411-2)
[FILA 026] ACTUALIZADO     : Valeria Bravo (19057945-K)
[FILA 027] ACTUALIZADO     : Melissa Navarro (31474828-K)
[FILA 028] ACTUALIZADO     : Marcela Silva (33090883-1)
[FILA 029] ACTUALIZADO     : Elena Donoso (28688132-7)
[FILA 030] ACTUALIZADO     : Pilar Vega (17369062-2)
[FILA 031] ACTUALIZADO     : Diego Gómez (32971842-5)
[FILA 032] ACTUALIZADO     : Ángela Cortés (20881122-3)
[FILA 033] ACTUALIZADO     : Úrsula Moreno (38281417-7)
[FILA 034] ACTUALIZADO     : Pablo Carrasco (35780325-K)
[FILA 035] ACTUALIZADO     : Pablo Zenteno (36038236-2)
[FILA 036] IGNORADO        : fila vacía
[FILA 037] ACTUALIZADO     : Camila Arenas (11876966-K)
[FILA 038] ACTUALIZADO     : Lorena Palma (17685577-0)
[FILA 039] ACTUALIZADO     : Jorge Muñoz (37575119-4)
[FILA 040] ACTUALIZADO     : Pedro Gómez (11077105-3)
[FILA 041] ACTUALIZADO     : Juan Carlos Maldonado (37012854-5)
[FILA 042] ACTUALIZADO     : Juana Zenteno (20584847-9)
[FILA 043] ACTUALIZADO     : Nicolás Vargas (23460856-8)
[FILA 044] ACTUALIZADO     : Úrsula Ojeda (18983893-K)
[FILA 045] ACTUALIZADO     : Pedro Astudillo (12220921-0)
[FILA 046] RECHAZADO       : RUT inválido: 17079409-2 → José Baeza
[FILA 047] IGNORADO        : fila vacía
[FILA 048] ACTUALIZADO     : Camila Contreras (29031404-6)
[FILA 049] IGNORADO        : fila vacía
[FILA 050] ACTUALIZADO     : Elena Pacheco (39406017-8)
[FILA 051] ACTUALIZADO     : Francisca Baeza (34089205-4)
[FILA 052] ACTUALIZADO     : Rosa Medina (20558837-K)
[FILA 053] ACTUALIZADO     : Claudia Tapia (17134562-6)
[FILA 054] IGNORADO        : fila vacía
[FILA 055] ACTUALIZADO     : Carlos Alberto Gallardo (31992872-3)
[FILA 056] ACTUALIZADO     : Miguel Medina (26751421-6)
[FILA 057] IGNORADO        : fila vacía
[FILA 058] ACTUALIZADO     : Nicolás Sandoval (23275203-3)
[FILA 059] IGNORADO        : fila vacía
[FILA 060] ACTUALIZADO     : María Zenteno (39685040-0)
[FILA 061] ACTUALIZADO     : Luis Ángel Farías (31570529-0)
[FILA 062] ACTUALIZADO     : Rodrigo Vidal (25396513-4)
[FILA 063] RECHAZADO       : Fecha inválida: 1 de julio de 1967 → Érica Bustos
[FILA 064] ACTUALIZADO     : Jorge Farías (18887903-9)
[FILA 065] ACTUALIZADO     : José Miguel Vera (14685216-5)
[FILA 066] ACTUALIZADO     : Carolina Pacheco (18275445-5)
[FILA 067] ACTUALIZADO     : Sofía Romero (34997682-K)
[FILA 068] ACTUALIZADO     : Gabriela Martínez (28836388-9)
[FILA 069] ACTUALIZADO     : Érica Cárdenas (28085076-4)
[FILA 070] ACTUALIZADO     : Fernanda Torres (18816145-6)
[FILA 071] ACTUALIZADO     : Víctor Figueroa (35065624-3)
[FILA 072] ACTUALIZADO     : Édgar Cifuentes (29615450-4)
[FILA 073] ACTUALIZADO     : Raúl Guajardo (24375853-K)
[FILA 074] ACTUALIZADO     : Víctor Pacheco (29580115-8)
[FILA 075] ACTUALIZADO     : José Miguel Torres (23401657-1)
[FILA 076] ACTUALIZADO     : Víctor Arenas (22146585-7)
[FILA 077] ACTUALIZADO     : Ignacio Paredes (17359183-7)
[FILA 078] ACTUALIZADO     : Javiera Leal (14641643-8)
[FILA 079] RECHAZADO       : RUT inválido: 27096865-2 → Daniela Orellana
[FILA 080] ACTUALIZADO     : Sergio Lagos (26559643-6)
[FILA 081] RECHAZADO       : RUT inválido: 13050413-3 → Ana María Molina
[FILA 082] ACTUALIZADO     : Ricardo Sánchez (35359841-4)
[FILA 083] ACTUALIZADO     : Sofía Cárdenas (11580963-6)
[FILA 084] ACTUALIZADO     : Laura Ramírez (38893819-6)
[FILA 085] ACTUALIZADO     : Daniel Contreras (13679214-8)
[FILA 086] ACTUALIZADO     : Édgar Díaz (15128503-1)
[FILA 087] ACTUALIZADO     : Gabriela Espinoza (31053595-8)
[FILA 088] ACTUALIZADO     : Melissa Poblete (15368105-8)
[FILA 089] ACTUALIZADO     : Patricia Navarro (36577773-K)
[FILA 090] ACTUALIZADO     : Mónica Figueroa (32833160-8)
[FILA 091] ACTUALIZADO     : Víctor Leal (24165337-4)
[FILA 092] ACTUALIZADO     : Marco Vega (30012166-7)
[FILA 093] ACTUALIZADO     : Víctor Rojas (12131636-6)
[FILA 094] ACTUALIZADO     : Raúl Martínez (22910648-1)
[FILA 095] ACTUALIZADO     : María Fernanda Figueroa (22805018-0)
[FILA 096] ACTUALIZADO     : Ximena Romero (29994697-5)
[FILA 097] IGNORADO        : fila vacía
[FILA 098] ACTUALIZADO     : Melissa Leal (25705148-K)
[FILA 099] ACTUALIZADO     : María Bustos (27754131-9)
[FILA 100] ACTUALIZADO     : Catalina Carrasco (18436057-8)
[FILA 101] ACTUALIZADO     : Claudia Cárdenas (28563180-7)
[FILA 102] ACTUALIZADO     : Pablo Leal (38882973-7)
[FILA 103] ACTUALIZADO     : Javiera Farías (10385239-0)
[FILA 104] ACTUALIZADO     : Melissa Soto (32826523-0)
[FILA 105] ACTUALIZADO     : Francisco Poblete (34183411-2)
[FILA 106] RECHAZADO       : Talla inválida: XXXL → Pilar Bravo
[FILA 107] ACTUALIZADO     : Ángela Ojeda (32874404-K)
[FILA 108] ACTUALIZADO     : Víctor Araya (39688573-5)
[FILA 109] ACTUALIZADO     : Roberto Romero (28017734-2)
[FILA 110] ACTUALIZADO     : Esteban Araya (35195278-4)
[FILA 111] ACTUALIZADO     : Juan Astudillo (18953167-2)
[FILA 112] ACTUALIZADO     : Marco Antonio Farías (35789893-5)
[FILA 113] ACTUALIZADO     : Juana López (31507109-7)
[FILA 114] ACTUALIZADO     : Luis Ángel Zenteno (21414394-1)
[FILA 115] RECHAZADO       : RUT inválido: 13743069-9 → Roberto Guajardo
[FILA 116] ACTUALIZADO     : Rosa Arenas (19848230-7)
[FILA 117] ACTUALIZADO     : Pedro Espinoza (24588301-3)
[FILA 118] ACTUALIZADO     : Andrés Gallardo (15306893-3)
[FILA 119] ACTUALIZADO     : Luis Ángel Farías (25224441-7)
[FILA 120] ACTUALIZADO     : Daniela Villarreal (10108894-4)
[FILA 121] ACTUALIZADO     : Carolina González (34229388-3)
[FILA 122] ACTUALIZADO     : Roberto Bravo (39388747-8)
[FILA 123] ACTUALIZADO     : Luis Ángel González (34148476-6)
[FILA 124] ACTUALIZADO     : Renata Bustos (18837869-2)
[FILA 125] ACTUALIZADO     : Elena Contreras (26796882-9)
[FILA 126] ACTUALIZADO     : Leonardo Silva (35567208-5)
[FILA 127] ACTUALIZADO     : Jorge Palma (15994562-6)
[FILA 128] ACTUALIZADO     : Ignacio Navarrete (27034970-6)
[FILA 129] ACTUALIZADO     : Camila Paredes (13570554-3)
[FILA 130] ACTUALIZADO     : Óscar Reyes (39209756-2)
[FILA 131] ACTUALIZADO     : Juan Pablo Ríos (30981592-0)
[FILA 132] ACTUALIZADO     : Francisca Mendoza (20014145-8)
[FILA 133] ACTUALIZADO     : Elena Zenteno (38241736-4)
[FILA 134] ACTUALIZADO     : Jorge Pacheco (31439587-5)
[FILA 135] ACTUALIZADO     : Esteban Ibáñez (27034339-2)
[FILA 136] IGNORADO        : fila vacía
[FILA 137] ACTUALIZADO     : Laura Lorca (30433649-8)
[FILA 138] ACTUALIZADO     : Valentina Vega (16674349-4)
[FILA 139] ACTUALIZADO     : María José Gómez (15128434-5)
[FILA 140] ACTUALIZADO     : Sofía Saavedra (22546466-9)
[FILA 141] ACTUALIZADO     : Francisco Fuentes (35585616-K)
[FILA 142] ACTUALIZADO     : Fernanda Contreras (15420686-8)
[FILA 143] ACTUALIZADO     : Yasna Maldonado (28098556-2)
[FILA 144] ACTUALIZADO     : Fernanda Sandoval (36126369-3)
[FILA 145] ACTUALIZADO     : Melissa Donoso (27795716-7)
[FILA 146] ACTUALIZADO     : José Miguel Bravo (10019189-K)
[FILA 147] ACTUALIZADO     : Ana María López (30097245-4)
[FILA 148] ACTUALIZADO     : Diego Carrasco (20876872-7)
[FILA 149] ACTUALIZADO     : Ángela Figueroa (26394887-4)
[FILA 150] ACTUALIZADO     : Sandra Molina (10653531-0)
[FILA 151] ACTUALIZADO     : Rodrigo Bustos (13753657-9)
[FILA 152] ACTUALIZADO     : María Fernanda Orellana (22179613-6)
[FILA 153] ACTUALIZADO     : Patricia Rojas (39485013-6)
[FILA 154] ACTUALIZADO     : Claudia Ramírez (37906064-1)
[FILA 155] ACTUALIZADO     : Leonardo Ojeda (37070870-3)
[FILA 156] ACTUALIZADO     : Miguel Maldonado (20318461-1)
[FILA 157] ACTUALIZADO     : Camila González (18034686-4)
[FILA 158] ACTUALIZADO     : Diego Arenas (11943646-K)
[FILA 159] ACTUALIZADO     : Fernanda Guajardo (18082309-3)
[FILA 160] ACTUALIZADO     : Verónica Luna (39461113-1)
[FILA 161] ACTUALIZADO     : Pedro Navarrete (29037339-5)
[FILA 162] ACTUALIZADO     : Rodrigo Morales (12642648-8)
[FILA 163] ACTUALIZADO     : Sergio Navarrete (12874052-K)
[FILA 164] RECHAZADO       : Talla inválida: 6 → Ximena Astudillo
[FILA 165] ACTUALIZADO     : Isabel Álvarez (26307133-6)
[FILA 166] ACTUALIZADO     : Juana Silva (37381196-3)
[FILA 167] ACTUALIZADO     : Yolanda Saavedra (12322386-1)
[FILA 168] ACTUALIZADO     : Francisca Castro (35521573-3)
[FILA 169] RECHAZADO       : RUT inválido: 27874652-9 → Pedro Gómez
[FILA 170] ACTUALIZADO     : Elena Ramírez (35697139-6)
[FILA 171] IGNORADO        : fila vacía
[FILA 172] RECHAZADO       : RUT inválido: 14219822-4 → Constanza Mendoza
[FILA 173] RECHAZADO       : Talla inválida: XXL → Juana Donoso
[FILA 174] RECHAZADO       : Talla inválida: XXL → Sergio Villarreal
[FILA 175] ACTUALIZADO     : Luis Ángel Silva (25947830-8)
[FILA 176] IGNORADO        : fila vacía
[FILA 177] ACTUALIZADO     : Miguel Navarrete (28448347-2)
[FILA 178] RECHAZADO       : RUT inválido: 15540741-K → María Fernanda Bustos
[FILA 179] ACTUALIZADO     : María José Reyes (18893824-8)
[FILA 180] RECHAZADO       : RUT inválido: 27705794-6 → Francisca Torres
[FILA 181] ACTUALIZADO     : Francisca Sandoval (39273995-5)
[FILA 182] ACTUALIZADO     : Rodrigo Araya (30353914-K)
[FILA 183] ACTUALIZADO     : Nicolás Jiménez (24198153-3)
[FILA 184] ACTUALIZADO     : Érica Sandoval (17106768-5)
[FILA 185] ACTUALIZADO     : Felipe Álvarez (28095773-9)
[FILA 186] ACTUALIZADO     : Marco Antonio Gallardo (35342494-7)
[FILA 187] RECHAZADO       : RUT inválido: 34492422-4 → Miguel Villalobos
[FILA 188] ACTUALIZADO     : María López (33148116-5)
[FILA 189] RECHAZADO       : RUT inválido: 16749509-2 → Yolanda Leiva
[FILA 190] ACTUALIZADO     : Hugo Zamora (33922597-4)
[FILA 191] RECHAZADO       : Fecha inválida: 14 de enero de 1978 → Pablo Morales
[FILA 192] ACTUALIZADO     : Renata Romero (23387959-2)
[FILA 193] ACTUALIZADO     : Ignacio Luna (32538074-8)
[FILA 194] ACTUALIZADO     : Juan Pablo Morales (31806289-7)
[FILA 195] ACTUALIZADO     : Carolina López (22529912-9)
[FILA 196] ACTUALIZADO     : Fernanda Gallardo (24700199-9)
[FILA 197] ACTUALIZADO     : María Fernanda Ojeda (27366963-9)
[FILA 198] ACTUALIZADO     : Felipe Leal (25149361-8)
[FILA 199] ACTUALIZADO     : Alejandro Aguilera (14060227-2)
[FILA 200] ACTUALIZADO     : María Paz Arenas (18318332-K)
[FILA 201] ACTUALIZADO     : Isabel Castro (17539591-1)
[FILA 202] ACTUALIZADO     : Renata Miranda (12148352-1)
[FILA 203] ACTUALIZADO     : Érica Silva (21344269-4)
[FILA 204] ACTUALIZADO     : Víctor Ramírez (10705792-7)
[FILA 205] ACTUALIZADO     : Felipe Ramírez (29740364-8)
[FILA 206] ACTUALIZADO     : Juana Palma (28586522-0)
[FILA 207] ACTUALIZADO     : María Paz Ramírez (17721369-1)
[FILA 208] ACTUALIZADO     : Marco Antonio Cifuentes (29744773-4)
[FILA 209] ACTUALIZADO     : Fernanda Castillo (17389269-1)
[FILA 210] ACTUALIZADO     : Ángela López (10241284-2)
[FILA 211] ACTUALIZADO     : Ximena Soto (12382132-7)
[FILA 212] ACTUALIZADO     : Jorge Jiménez (33751200-3)
[FILA 213] ACTUALIZADO     : Catalina Moreno (31176301-6)
[FILA 214] RECHAZADO       : RUT inválido: 11975475-3 → Ignacio Bravo
[FILA 215] ACTUALIZADO     : Gabriela Arenas (17682011-K)
[FILA 216] ACTUALIZADO     : Óscar Navarro (12261579-0)
[FILA 217] ACTUALIZADO     : Leonardo Arenas (11054043-4)
[FILA 218] ACTUALIZADO     : Javiera Maldonado (38844577-7)
[FILA 219] ACTUALIZADO     : Gabriela Álvarez (21087340-6)
[FILA 220] ACTUALIZADO     : María Fernanda Ruiz (12377578-3)
[FILA 221] ACTUALIZADO     : Camila Pizarro (27252216-2)
[FILA 222] ACTUALIZADO     : Marco Antonio Navarrete (17986110-0)
[FILA 223] ACTUALIZADO     : Verónica Villalobos (19344146-7)
[FILA 224] ACTUALIZADO     : Javiera Luna (32447169-3)
[FILA 225] IGNORADO        : fila vacía
[FILA 226] ACTUALIZADO     : Pablo Poblete (26287807-4)
[FILA 227] RECHAZADO       : RUT inválido: 17188594-0 → Rodrigo Tapia
[FILA 228] RECHAZADO       : Talla inválida: XXL → Álvaro Aguilera
[FILA 229] ACTUALIZADO     : Luis Morales (14439648-0)
[FILA 230] RECHAZADO       : RUT inválido: 34271684-K → Ignacio Moreno
[FILA 231] ACTUALIZADO     : Karla Bravo (39607862-7)
[FILA 232] ACTUALIZADO     : Rosa Alarcón (29161026-9)
[FILA 233] ACTUALIZADO     : Bárbara Zamora (29334454-K)
[FILA 234] ACTUALIZADO     : Pamela Palma (25860207-2)
[FILA 235] ACTUALIZADO     : Óscar Reyes (18153634-9)
[FILA 236] RECHAZADO       : RUT inválido: 36327459-8 → Renata Mendoza
[FILA 237] ACTUALIZADO     : Renata Villarreal (25870338-3)
[FILA 238] ACTUALIZADO     : Ximena Farías (37095103-9)
[FILA 239] ACTUALIZADO     : Carlos Alberto Navarro (23658665-0)
[FILA 240] ACTUALIZADO     : María José Muñoz (16389096-8)
[FILA 241] RECHAZADO       : Talla inválida: 10 → Carlos Molina
[FILA 242] ACTUALIZADO     : Marco Gómez (13252458-0)
[FILA 243] ACTUALIZADO     : Lorena Ruiz (32111791-0)
[FILA 244] ACTUALIZADO     : Juana Zenteno (24463677-2)
[FILA 245] ACTUALIZADO     : Marcela Fernández (21888253-6)
[FILA 246] ACTUALIZADO     : Yolanda Vargas (24212940-7)
[FILA 247] ACTUALIZADO     : Luis Ángel Poblete (23794303-1)
[FILA 248] ACTUALIZADO     : Luis Fernández (25670747-0)
[FILA 249] ACTUALIZADO     : Karla Carrasco (38985551-0)
[FILA 250] ACTUALIZADO     : Melissa Herrera (34463726-1)
[FILA 251] ACTUALIZADO     : Patricia Zenteno (11817683-9)
[FILA 252] ACTUALIZADO     : Francisca Espinoza (32594364-5)
[FILA 253] ACTUALIZADO     : Pilar Tapia (31926327-6)
[FILA 254] ACTUALIZADO     : Camila Navarrete (31682194-4)
[FILA 255] ACTUALIZADO     : Nicolás Pizarro (13302355-0)
[FILA 256] ACTUALIZADO     : Sofía Lorca (12033823-4)
[FILA 257] ACTUALIZADO     : Alejandro Salinas (23509728-1)
[FILA 258] ACTUALIZADO     : Constanza Fernández (34434793-K)
[FILA 259] ACTUALIZADO     : María Jiménez (21385106-3)
[FILA 260] ACTUALIZADO     : Francisca Astudillo (36863426-3)
[FILA 261] ACTUALIZADO     : Eduardo Rojas (38912932-1)
[FILA 262] ACTUALIZADO     : Laura Vidal (13666460-3)
[FILA 263] ACTUALIZADO     : Pamela Vera (18343522-1)
[FILA 264] ACTUALIZADO     : Lorena Arenas (16428696-7)
[FILA 265] ACTUALIZADO     : Úrsula Molina (16382351-9)
[FILA 266] ACTUALIZADO     : Gabriela Vargas (27994763-0)
[FILA 267] ACTUALIZADO     : Ricardo Zamora (25052972-4)
[FILA 268] ACTUALIZADO     : Claudia Vargas (14703737-6)
[FILA 269] ACTUALIZADO     : Érica Zamora (24155998-K)
[FILA 270] ACTUALIZADO     : Gonzalo Ruiz (16156836-8)
[FILA 271] ACTUALIZADO     : Valentina Pacheco (19346424-6)
[FILA 272] ACTUALIZADO     : José Miguel Miranda (25523222-3)
[FILA 273] ACTUALIZADO     : Eduardo Torres (18382113-K)
[FILA 274] ACTUALIZADO     : Carolina Luna (39342879-1)
[FILA 275] ACTUALIZADO     : Víctor Silva (12529497-9)
[FILA 276] ACTUALIZADO     : Sergio Maldonado (24869000-3)
[FILA 277] ACTUALIZADO     : Karla Flores (37112727-5)
[FILA 278] ACTUALIZADO     : Pablo Fuentes (38902079-6)
[FILA 279] ACTUALIZADO     : Marcela Arias (38721482-8)
[FILA 280] RECHAZADO       : RUT inválido: 28465853-9 → Juan Pablo Reyes
[FILA 281] ACTUALIZADO     : Ricardo Álvarez (13285271-5)
[FILA 282] ACTUALIZADO     : Pablo Pacheco (11697462-2)
[FILA 283] ACTUALIZADO     : Felipe Fernández (31882351-0)
[FILA 284] RECHAZADO       : Fecha inválida: 10/20/1969 → Marcela Valdivia
[FILA 285] ACTUALIZADO     : Javiera Gómez (38052430-9)
[FILA 286] ACTUALIZADO     : Sebastián Navarro (10495191-0)
[FILA 287] ACTUALIZADO     : Carolina Gutiérrez (13129379-8)
[FILA 288] ACTUALIZADO     : Carlos Alberto Castro (35285462-K)
[FILA 289] ACTUALIZADO     : Gonzalo Cifuentes (38477503-9)
[FILA 290] ACTUALIZADO     : Francisca Farías (17931579-3)
[FILA 291] ACTUALIZADO     : Yolanda Saavedra (15580474-2)
[FILA 292] ACTUALIZADO     : María Paz Astudillo (23636992-7)
[FILA 293] ACTUALIZADO     : Diego López (26295412-9)
[FILA 294] ACTUALIZADO     : María Olivares (26151708-6)
[FILA 295] ACTUALIZADO     : María José Paredes (17172169-5)
[FILA 296] ACTUALIZADO     : Nicolás Acuña (39012852-5)
[FILA 297] ACTUALIZADO     : Óscar Martínez (23456679-2)
[FILA 298] ACTUALIZADO     : María Paz Lagos (11967477-8)
[FILA 299] ACTUALIZADO     : Melissa Gallardo (15524305-8)
[FILA 300] ACTUALIZADO     : Eduardo Rojas (22716227-9)
[FILA 301] RECHAZADO       : Talla inválida: 6 → Miguel Alarcón
[FILA 302] ACTUALIZADO     : Marco Antonio Sánchez (23100380-0)
[FILA 303] ACTUALIZADO     : María José Castillo (18898737-0)
[FILA 304] RECHAZADO       : RUT inválido: 36309043-8 → Juan Carlos Villalobos
[FILA 305] ACTUALIZADO     : María Fernanda Mendoza (36344569-1)
[FILA 306] ACTUALIZADO     : Leonardo Salinas (25267547-7)
[FILA 307] ACTUALIZADO     : Marco Antonio Paredes (19571375-8)
[FILA 308] ACTUALIZADO     : Gabriela Pacheco (24193775-5)
[FILA 309] ACTUALIZADO     : Ángela Navarro (33373732-9)
[FILA 310] ACTUALIZADO     : Rodrigo Moreno (34511690-7)
[FILA 311] ACTUALIZADO     : Yasna Zamora (36285251-K)
[FILA 312] IGNORADO        : fila vacía
[FILA 313] ACTUALIZADO     : Isabel Olivares (28648490-5)
[FILA 314] ACTUALIZADO     : Érica Lagos (32208715-2)
[FILA 315] ACTUALIZADO     : Ángela Pizarro (34105781-7)
[FILA 316] ACTUALIZADO     : Mauricio Vega (26329982-5)
[FILA 317] ACTUALIZADO     : Raúl Farías (15194119-2)
[FILA 318] RECHAZADO       : Talla inválida: XXXL → Hugo Fuentes
[FILA 319] ACTUALIZADO     : José Miguel Moreno (19955862-5)
[FILA 320] ACTUALIZADO     : Javiera Rojas (17304829-7)
[FILA 321] ACTUALIZADO     : Claudia Torres (11962373-1)
[FILA 322] ACTUALIZADO     : Daniel Vidal (29434065-3)
[FILA 323] ACTUALIZADO     : Jorge Vargas (34687243-8)
[FILA 324] ACTUALIZADO     : Gabriela Villarreal (28193052-4)
[FILA 325] ACTUALIZADO     : José Miguel Cifuentes (12045396-3)
[FILA 326] ACTUALIZADO     : Ricardo Zamora (35097895-K)
[FILA 327] ACTUALIZADO     : Carlos Alberto Villalobos (20522831-4)
[FILA 328] ACTUALIZADO     : Carlos Cruz (11918148-8)
[FILA 329] ACTUALIZADO     : Elena Castro (11682497-3)
[FILA 330] ACTUALIZADO     : Ignacio Martínez (29601747-7)
[FILA 331] ACTUALIZADO     : Daniela Acuña (25998367-3)
[FILA 332] ACTUALIZADO     : Rosa Guajardo (26872858-9)
[FILA 333] ACTUALIZADO     : Eduardo Vega (38612531-7)
[FILA 334] ACTUALIZADO     : Ana María Leal (27821635-7)
[FILA 335] ACTUALIZADO     : Nicolás Ojeda (15282565-K)
[FILA 336] ACTUALIZADO     : Luis Ángel Cruz (11908561-6)
[FILA 337] RECHAZADO       : Talla inválida: XXXL → Verónica Palma
[FILA 338] ACTUALIZADO     : Luis Ángel Gutiérrez (12688094-4)
[FILA 339] ACTUALIZADO     : Roberto Poblete (38566315-3)
[FILA 340] ACTUALIZADO     : Camila Palma (16235251-2)
[FILA 341] RECHAZADO       : RUT inválido: 12299194-K → José Bustos
[FILA 342] ACTUALIZADO     : Pablo Guajardo (29966065-6)
[FILA 343] IGNORADO        : fila vacía
[FILA 344] ACTUALIZADO     : Yasna Reyes (12280388-0)
[FILA 345] IGNORADO        : fila vacía
[FILA 346] ACTUALIZADO     : Ignacio Leal (32656373-0)
[FILA 347] ACTUALIZADO     : Bárbara Leiva (38917853-5)
[FILA 348] RECHAZADO       : Fecha inválida: 29 de enero de 2021 → Miguel Espinoza
[FILA 349] ACTUALIZADO     : Esteban Arenas (23548459-5)
[FILA 350] ACTUALIZADO     : Camila Navarro (14022727-7)
[FILA 351] ACTUALIZADO     : Esteban Poblete (39873085-2)
[FILA 352] ACTUALIZADO     : Marco Flores (29115134-5)
[FILA 353] ACTUALIZADO     : Sebastián Morales (18261616-8)
[FILA 354] ACTUALIZADO     : Sandra Cortés (29425300-9)
[FILA 355] ACTUALIZADO     : Verónica Sandoval (29948752-0)
[FILA 356] ACTUALIZADO     : Víctor Cifuentes (11333508-4)
[FILA 357] ACTUALIZADO     : Bárbara Ibáñez (30782994-0)
[FILA 358] ACTUALIZADO     : Isabel Carrasco (12750906-9)
[FILA 359] ACTUALIZADO     : Yasna Núñez (24066853-K)
[FILA 360] ACTUALIZADO     : Esteban Contreras (32057783-7)
[FILA 361] RECHAZADO       : Fecha inválida: 08/22/1968 → Francisca González
[FILA 362] ACTUALIZADO     : Lorena Arenas (28965868-8)
[FILA 363] RECHAZADO       : RUT inválido: 27541677-3 → Laura Reyes
[FILA 364] RECHAZADO       : RUT inválido: 20615610-9 → Víctor Molina
[FILA 365] RECHAZADO       : RUT inválido: 18749844-8 → Pilar Leal
[FILA 366] ACTUALIZADO     : Víctor Zenteno (16853801-4)
[FILA 367] ACTUALIZADO     : Hugo Baeza (32472274-2)
[FILA 368] RECHAZADO       : Parte numérica inválida → Francisca Palma
[FILA 369] ACTUALIZADO     : Renata Valdivia (20542261-7)
[FILA 370] RECHAZADO       : Talla inválida: XS → Úrsula Saavedra
[FILA 371] ACTUALIZADO     : Hugo Quiroz (18912544-5)
[FILA 372] ACTUALIZADO     : Renata Vargas (23280369-K)
[FILA 373] ACTUALIZADO     : Pedro Núñez (14391546-8)
[FILA 374] ACTUALIZADO     : Sandra Jiménez (32538183-3)
[FILA 375] ACTUALIZADO     : Melissa Molina (31659412-3)
[FILA 376] ACTUALIZADO     : Érica Pizarro (20066231-8)
[FILA 377] ACTUALIZADO     : Juan Zamora (25341910-5)
[FILA 378] ACTUALIZADO     : Constanza Vidal (20609146-0)
[FILA 379] ACTUALIZADO     : Miguel Paredes (35228385-1)
[FILA 380] RECHAZADO       : RUT inválido: 12434143-1 → Melissa Baeza
[FILA 381] ACTUALIZADO     : Mónica Martínez (10312574-K)
[FILA 382] ACTUALIZADO     : Sebastián Pizarro (25377510-6)
[FILA 383] ACTUALIZADO     : Pilar Cifuentes (30842645-9)
[FILA 384] ACTUALIZADO     : Marco Bustos (28890931-8)
[FILA 385] ACTUALIZADO     : Isabel Vera (13354814-9)
[FILA 386] ACTUALIZADO     : Francisco Ibáñez (12458221-0)
[FILA 387] ACTUALIZADO     : Jorge Ibáñez (28040017-3)
[FILA 388] ACTUALIZADO     : Yolanda Cifuentes (17152271-4)
[FILA 389] ACTUALIZADO     : Francisca Álvarez (26974673-4)
[FILA 390] ACTUALIZADO     : Lorena Bravo (18898649-8)
[FILA 391] ACTUALIZADO     : Roberto Zapata (14444504-K)
[FILA 392] RECHAZADO       : RUT inválido: 21710793-9 → Luis Castro
[FILA 393] ACTUALIZADO     : Yasna Díaz (39556897-3)
[FILA 394] IGNORADO        : fila vacía
[FILA 395] ACTUALIZADO     : Yasna Palma (12308253-2)
[FILA 396] ACTUALIZADO     : Daniel Gutiérrez (39503413-8)
[FILA 397] ACTUALIZADO     : Ximena Palma (18196824-9)
[FILA 398] ACTUALIZADO     : Daniel Salinas (22399271-4)
[FILA 399] ACTUALIZADO     : Sergio Lorca (19562590-5)
[FILA 400] ACTUALIZADO     : Sebastián Cárdenas (15293105-0)
[FILA 401] ACTUALIZADO     : Fernanda López (24703034-4)
[FILA 402] ACTUALIZADO     : Bárbara Castro (37975838-K)
[FILA 403] ACTUALIZADO     : Daniela Valdivia (28227370-5)
[FILA 404] ACTUALIZADO     : Diego Contreras (33606882-7)
[FILA 405] ACTUALIZADO     : Sebastián Alarcón (20150790-1)
[FILA 406] ACTUALIZADO     : Sergio Ojeda (30524499-6)
[FILA 407] ACTUALIZADO     : Mónica Salinas (37081780-4)
[FILA 408] RECHAZADO       : Talla inválida: 10 → Álvaro Gómez
[FILA 409] ACTUALIZADO     : Gonzalo Valdivia (27748304-1)
[FILA 410] ACTUALIZADO     : Esteban Vega (10262499-8)
[FILA 411] ACTUALIZADO     : Sofía Palma (32409770-8)
[FILA 412] ACTUALIZADO     : Sofía Reyes (37417465-7)
[FILA 413] ACTUALIZADO     : Sandra Molina (28609364-7)
[FILA 414] ACTUALIZADO     : Édgar Baeza (20045483-9)
[FILA 415] ACTUALIZADO     : Mónica Mendoza (32259631-6)
[FILA 416] IGNORADO        : fila vacía
[FILA 417] ACTUALIZADO     : Carlos Alberto Martínez (13475786-8)
[FILA 418] ACTUALIZADO     : Álvaro Castro (39465051-K)
[FILA 419] ACTUALIZADO     : María Zapata (14506062-1)
[FILA 420] ACTUALIZADO     : Luis Ángel Contreras (18874003-0)
[FILA 421] ACTUALIZADO     : Yasna Palma (13873143-K)
[FILA 422] ACTUALIZADO     : Mauricio Arenas (39853804-8)
[FILA 423] ACTUALIZADO     : Carlos Alberto Mendoza (13591531-9)
[FILA 424] ACTUALIZADO     : Valentina Díaz (34911370-8)
[FILA 425] ACTUALIZADO     : Daniela Figueroa (28563105-K)
[FILA 426] ACTUALIZADO     : Carlos Alberto Valdivia (15215966-8)
[FILA 427] ACTUALIZADO     : Diego Díaz (19138489-K)
[FILA 428] RECHAZADO       : Talla inválida: XXL → Felipe Arias
[FILA 429] ACTUALIZADO     : María José Núñez (30294721-K)
[FILA 430] ACTUALIZADO     : Óscar Olivares (17067558-4)
[FILA 431] ACTUALIZADO     : Carlos Alberto Sandoval (34079069-3)
[FILA 432] ACTUALIZADO     : Nicolás Medina (21505153-6)
[FILA 433] ACTUALIZADO     : Daniel Ruiz (16831592-9)
[FILA 434] ACTUALIZADO     : Juana Alarcón (33068575-1)
[FILA 435] ACTUALIZADO     : Roberto Castro (31281494-3)
[FILA 436] ACTUALIZADO     : Marco Figueroa (38619005-4)
[FILA 437] ACTUALIZADO     : Édgar Paredes (18857829-2)
[FILA 438] ACTUALIZADO     : Juana Olivares (26958713-K)
[FILA 439] ACTUALIZADO     : Pamela Arias (26392408-8)
[FILA 440] ACTUALIZADO     : Constanza Contreras (18426230-4)
[FILA 441] ACTUALIZADO     : Rosa González (38390529-K)
[FILA 442] ACTUALIZADO     : María José Torres (11704528-5)
[FILA 443] ACTUALIZADO     : Pedro Lorca (13097022-2)
[FILA 444] ACTUALIZADO     : Jorge Vidal (31283054-K)
[FILA 445] RECHAZADO       : Parte numérica inválida → Alejandro Vidal
[FILA 446] ACTUALIZADO     : María Fernanda Cruz (37828304-3)
[FILA 447] ACTUALIZADO     : Juan Carlos Carrasco (19283847-9)
[FILA 448] ACTUALIZADO     : Fernanda Figueroa (11479306-K)
[FILA 449] ACTUALIZADO     : Juan Carlos Contreras (10118973-2)
[FILA 450] ACTUALIZADO     : Raúl Romero (21192300-8)
[FILA 451] ACTUALIZADO     : Renata Silva (35874467-2)
[FILA 452] ACTUALIZADO     : Rosa Morales (14389579-3)
[FILA 453] ACTUALIZADO     : María José Saavedra (31377977-7)
[FILA 454] ACTUALIZADO     : Patricia Navarro (18789760-2)
[FILA 455] IGNORADO        : fila vacía
[FILA 456] ACTUALIZADO     : Javiera Olivares (15421791-6)
[FILA 457] ACTUALIZADO     : Rodrigo Ruiz (34871582-8)
[FILA 458] ACTUALIZADO     : Javiera Pizarro (24825539-0)
[FILA 459] ACTUALIZADO     : Ricardo Leal (28511323-7)
[FILA 460] ACTUALIZADO     : Constanza Muñoz (33678270-8)
[FILA 461] RECHAZADO       : RUT inválido: 24350791-3 → María Paz Pacheco
[FILA 462] ACTUALIZADO     : Ignacio Ojeda (28820911-1)
[FILA 463] IGNORADO        : fila vacía
[FILA 464] ACTUALIZADO     : Óscar Leiva (10324461-7)
[FILA 465] ACTUALIZADO     : Hugo Herrera (13753864-4)
[FILA 466] ACTUALIZADO     : María Paz Maldonado (12524764-4)
[FILA 467] ACTUALIZADO     : Roberto Espinoza (39632133-5)
[FILA 468] ACTUALIZADO     : Sofía Arias (33186770-5)
[FILA 469] ACTUALIZADO     : Hugo Espinoza (15001431-K)
[FILA 470] ACTUALIZADO     : Rodrigo Villarreal (28306972-9)
[FILA 471] ACTUALIZADO     : Ricardo Zenteno (11208903-9)
[FILA 472] ACTUALIZADO     : Felipe Lorca (38004361-0)
[FILA 473] ACTUALIZADO     : Mónica Villalobos (22388832-1)
[FILA 474] ACTUALIZADO     : Isabel Ortiz (29545777-5)
[FILA 475] ACTUALIZADO     : Verónica Lorca (28539665-4)
[FILA 476] ACTUALIZADO     : Sofía Olivares (14969202-9)
[FILA 477] ACTUALIZADO     : Renata Sánchez (24421249-2)
[FILA 478] ACTUALIZADO     : Daniel Núñez (14276362-1)
[FILA 479] ACTUALIZADO     : Carlos Molina (11403543-2)
[FILA 480] ACTUALIZADO     : Ricardo Navarrete (20343433-2)
[FILA 481] ACTUALIZADO     : Marco Antonio Mendoza (22235674-1)
[FILA 482] ACTUALIZADO     : Sergio Espinoza (36713431-3)
[FILA 483] ACTUALIZADO     : Rosa Ortiz (38880386-K)
[FILA 484] ACTUALIZADO     : Alejandro Zapata (11338649-5)
[FILA 485] ACTUALIZADO     : Laura Molina (22006085-3)
[FILA 486] ACTUALIZADO     : Leonardo Morales (17048998-5)
[FILA 487] ACTUALIZADO     : Daniela Mendoza (32886360-K)
[FILA 488] RECHAZADO       : RUT inválido: 18372828-1 → Verónica Espinoza
[FILA 489] ACTUALIZADO     : Nicolás Muñoz (32378571-6)
[FILA 490] ACTUALIZADO     : Renata Villarreal (13449181-7)
[FILA 491] ACTUALIZADO     : Alejandro Lorca (21867485-2)
[FILA 492] ACTUALIZADO     : Mauricio Gómez (36176357-2)
[FILA 493] ACTUALIZADO     : Renata Astudillo (28786573-2)
[FILA 494] ACTUALIZADO     : Patricia Navarrete (39666637-5)
[FILA 495] ACTUALIZADO     : Ximena Leiva (39350488-9)
[FILA 496] ACTUALIZADO     : Víctor Farías (23635762-7)
[FILA 497] ACTUALIZADO     : Ignacio Villarreal (30825944-7)
[FILA 498] ACTUALIZADO     : Ángela Gómez (35148295-8)
[FILA 499] RECHAZADO       : RUT inválido: 15185949-5 → Carlos Alberto Fernández
[FILA 500] ACTUALIZADO     : José Miguel Luna (17943586-1)
[FILA 501] ACTUALIZADO     : Carolina Rojas (39011353-6)
[FILA 502] ACTUALIZADO     : Melissa Gallardo (15452654-4)
[FILA 503] ACTUALIZADO     : Francisca Ruiz (36839754-7)
[FILA 504] ACTUALIZADO     : Leonardo Bravo (37204984-7)
[FILA 505] ACTUALIZADO     : Juana Moreno (15940891-4)
[FILA 506] ACTUALIZADO     : Óscar Salinas (39575420-3)
[FILA 507] ACTUALIZADO     : Leonardo Zenteno (23834304-6)
[FILA 508] IGNORADO        : fila vacía
[FILA 509] IGNORADO        : fila vacía
[FILA 510] IGNORADO        : fila basura
[FILA 511] IGNORADO        : fila basura
