[FILA 007] SALTADO         : ya existe 11111111-1 → Juan Pérez (Copia)
[FILA 008] SALTADO         : ya existe 22222222-2 → María González (Copia)
[FILA 009] SALTADO         : ya existe 33333333-3 → Pedro Soto (Copia)
[FILA 010] SALTADO         : ya existe 17029889-6 → Édgar Paredes
[FILA 011] SALTADO         : ya existe 32487347-3 → Víctor Pacheco
[FILA 012] SALTADO         : ya existe 18958289-7 → Gabriela Gallardo
[FILA 013] SALTADO         : ya existe 33549181-5 → Melissa Muñoz
[FILA 014] SALTADO         : ya existe 32936053-9 → Camila Bustos
[FILA 015] SALTADO         : ya existe 31744459-1 → Catalina Mendoza
[FILA 016] SALTADO         : ya existe 12395870-5 → Lorena Morales
[FILA 017] SALTADO         : ya existe 30439044-1 → Juan Carlos Torres
[FILA 018] SALTADO         : ya existe 31306335-6 → Édgar Villarreal
[FILA 019] SALTADO         : ya existe 15742460-2 → Renata Medina
[FILA 020] SALTADO         : ya existe 27922760-3 → Luis Ángel Quiroz
[FILA 021] SALTADO         : ya existe 34465435-2 → Valeria Jiménez
[FILA 022] SALTADO         : ya existe 18214491-6 → Pilar Farías
[FILA 023] SALTADO         : ya existe 15482877-K → Isabel Arias
[FILA 024] SALTADO         : ya existe 25510878-6 → Juan Pablo Cifuentes
[FILA 025] SALTADO         : ya existe 22732411-2 → José Vera
[FILA 026] SALTADO         : ya existe 19057945-K → Valeria Bravo
[FILA 027] SALTADO         : ya existe 31474828-K → Melissa Navarro
[FILA 028] SALTADO         : ya existe 33090883-1 → Marcela Silva
[FILA 029] SALTADO         : ya existe 28688132-7 → Elena Donoso
[FILA 030] SALTADO         : ya existe 17369062-2 → Pilar Vega
[FILA 031] SALTADO         : ya existe 32971842-5 → Diego Gómez
[FILA 032] SALTADO         : ya existe 20881122-3 → Ángela Cortés
[FILA 033] SALTADO         : ya existe 38281417-7 → Úrsula Moreno
[FILA 034] SALTADO         : ya existe 35780325-K → Pablo Carrasco
[FILA 035] SALTADO         : ya existe 36038236-2 → Pablo Zenteno
[FILA 036] IGNORADO        : fila vacía
[FILA 037] SALTADO         : ya existe 11876966-K → Camila Arenas
[FILA 038] SALTADO         : ya existe 17685577-0 → Lorena Palma
[FILA 039] SALTADO         : ya existe 37575119-4 → Jorge Muñoz
[FILA 040] SALTADO         : ya existe 11077105-3 → Pedro Gómez
[FILA 041] SALTADO         : ya existe 37012854-5 → Juan Carlos Maldonado
[FILA 042] SALTADO         : ya existe 20584847-9 → Juana Zenteno
[FILA 043] SALTADO         : ya existe 23460856-8 → Nicolás Vargas
[FILA 044] SALTADO         : ya existe 18983893-K → Úrsula Ojeda
[FILA 045] SALTADO         : ya existe 12220921-0 → Pedro Astudillo
[FILA 046] RECHAZADO       : RUT inválido: 17079409-2 → José Baeza
[FILA 047] IGNORADO        : fila vacía
[FILA 048] SALTADO         : ya existe 29031404-6 → Camila Contreras
[FILA 049] IGNORADO        : fila vacía
[FILA 050] SALTADO         : ya existe 39406017-8 → Elena Pacheco
[FILA 051] SALTADO         : ya existe 34089205-4 → Francisca Baeza
[FILA 052] SALTADO         : ya existe 20558837-K → Rosa Medina
[FILA 053] SALTADO         : ya existe 17134562-6 → Claudia Tapia
[FILA 054] IGNORADO        : fila vacía
[FILA 055] SALTADO         : ya existe 31992872-3 → Carlos Alberto Gallardo
[FILA 056] SALTADO         : ya existe 26751421-6 → Miguel Medina
[FILA 057] IGNORADO        : fila vacía
[FILA 058] SALTADO         : ya existe 23275203-3 → Nicolás Sandoval
[FILA 059] IGNORADO        : fila vacía
[FILA 060] SALTADO         : ya existe 39685040-0 → María Zenteno
[FILA 061] SALTADO         : ya existe 31570529-0 → Luis Ángel Farías
[FILA 062] SALTADO         : ya existe 25396513-4 → Rodrigo Vidal
[FILA 063] RECHAZADO       : Fecha inválida: 1 de julio de 1967 → Érica Bustos
[FILA 064] SALTADO         : ya existe 18887903-9 → Jorge Farías
[FILA 065] SALTADO         : ya existe 14685216-5 → José Miguel Vera
[FILA 066] SALTADO         : ya existe 18275445-5 → Carolina Pacheco
[FILA 067] SALTADO         : ya existe 34997682-K → Sofía Romero
[FILA 068] SALTADO         : ya existe 28836388-9 → Gabriela Martínez
[FILA 069] SALTADO         : ya existe 28085076-4 → Érica Cárdenas
[FILA 070] SALTADO         : ya existe 18816145-6 → Fernanda Torres
[FILA 071] SALTADO         : ya existe 35065624-3 → Víctor Figueroa
[FILA 072] SALTADO         : ya existe 29615450-4 → Édgar Cifuentes
[FILA 073] SALTADO         : ya existe 24375853-K → Raúl Guajardo
[FILA 074] SALTADO         : ya existe 29580115-8 → Víctor Pacheco
[FILA 075] SALTADO         : ya existe 23401657-1 → José Miguel Torres
[FILA 076] SALTADO         : ya existe 22146585-7 → Víctor Arenas
[FILA 077] SALTADO         : ya existe 17359183-7 → Ignacio Paredes
[FILA 078] SALTADO         : ya existe 14641643-8 → Javiera Leal
[FILA 079] RECHAZADO       : RUT inválido: 27096865-2 → Daniela Orellana
[FILA 080] SALTADO         : ya existe 26559643-6 → Sergio Lagos
[FILA 081] RECHAZADO       : RUT inválido: 13050413-3 → Ana María Molina
[FILA 082] SALTADO         : ya existe 35359841-4 → Ricardo Sánchez
[FILA 083] SALTADO         : ya existe 11580963-6 → Sofía Cárdenas
[FILA 084] SALTADO         : ya existe 38893819-6 → Laura Ramírez
[FILA 085] SALTADO         : ya existe 13679214-8 → Daniel Contreras
[FILA 086] SALTADO         : ya existe 15128503-1 → Édgar Díaz
[FILA 087] SALTADO         : ya existe 31053595-8 → Gabriela Espinoza
[FILA 088] SALTADO         : ya existe 15368105-8 → Melissa Poblete
[FILA 089] SALTADO         : ya existe 36577773-K → Patricia Navarro
[FILA 090] SALTADO         : ya existe 32833160-8 → Mónica Figueroa
[FILA 091] SALTADO         : ya existe 24165337-4 → Víctor Leal
[FILA 092] SALTADO         : ya existe 30012166-7 → Marco Vega
[FILA 093] SALTADO         : ya existe 12131636-6 → Víctor Rojas
[FILA 094] SALTADO         : ya existe 22910648-1 → Raúl Martínez
[FILA 095] SALTADO         : ya existe 22805018-0 → María Fernanda Figueroa
[FILA 096] SALTADO         : ya existe 29994697-5 → Ximena Romero
[FILA 097] IGNORADO        : fila vacía
[FILA 098] SALTADO         : ya existe 25705148-K → Melissa Leal
[FILA 099] SALTADO         : ya existe 27754131-9 → María Bustos
[FILA 100] SALTADO         : ya existe 18436057-8 → Catalina Carrasco
[FILA 101] SALTADO         : ya existe 28563180-7 → Claudia Cárdenas
[FILA 102] SALTADO         : ya existe 38882973-7 → Pablo Leal
[FILA 103] SALTADO         : ya existe 10385239-0 → Javiera Farías
[FILA 104] SALTADO         : ya existe 32826523-0 → Melissa Soto
[FILA 105] SALTADO         : ya existe 34183411-2 → Francisco Poblete
[FILA 106] RECHAZADO       : Talla inválida: XXXL → Pilar Bravo
[FILA 107] SALTADO         : ya existe 32874404-K → Ángela Ojeda
[FILA 108] SALTADO         : ya existe 39688573-5 → Víctor Araya
[FILA 109] SALTADO         : ya existe 28017734-2 → Roberto Romero
[FILA 110] SALTADO         : ya existe 35195278-4 → Esteban Araya
[FILA 111] SALTADO         : ya existe 18953167-2 → Juan Astudillo
[FILA 112] SALTADO         : ya existe 35789893-5 → Marco Antonio Farías
[FILA 113] SALTADO         : ya existe 31507109-7 → Juana López
[FILA 114] SALTADO         : ya existe 21414394-1 → Luis Ángel Zenteno
[FILA 115] RECHAZADO       : RUT inválido: 13743069-9 → Roberto Guajardo
[FILA 116] SALTADO         : ya existe 19848230-7 → Rosa Arenas
[FILA 117] SALTADO         : ya existe 24588301-3 → Pedro Espinoza
[FILA 118] SALTADO         : ya existe 15306893-3 → Andrés Gallardo
[FILA 119] SALTADO         : ya existe 25224441-7 → Luis Ángel Farías
[FILA 120] SALTADO         : ya existe 10108894-4 → Daniela Villarreal
[FILA 121] SALTADO         : ya existe 34229388-3 → Carolina González
[FILA 122] SALTADO         : ya existe 39388747-8 → Roberto Bravo
[FILA 123] SALTADO         : ya existe 34148476-6 → Luis Ángel González
[FILA 124] SALTADO         : ya existe 18837869-2 → Renata Bustos
[FILA 125] SALTADO         : ya existe 26796882-9 → Elena Contreras
[FILA 126] SALTADO         : ya existe 35567208-5 → Leonardo Silva
[FILA 127] SALTADO         : ya existe 15994562-6 → Jorge Palma
[FILA 128] SALTADO         : ya existe 27034970-6 → Ignacio Navarrete
[FILA 129] SALTADO         : ya existe 13570554-3 → Camila Paredes
[FILA 130] SALTADO         : ya existe 39209756-2 → Óscar Reyes
[FILA 131] SALTADO         : ya existe 30981592-0 → Juan Pablo Ríos
[FILA 132] SALTADO         : ya existe 20014145-8 → Francisca Mendoza
[FILA 133] SALTADO         : ya existe 38241736-4 → Elena Zenteno
[FILA 134] SALTADO         : ya existe 31439587-5 → Jorge Pacheco
[FILA 135] SALTADO         : ya existe 27034339-2 → Esteban Ibáñez
[FILA 136] IGNORADO        : fila vacía
[FILA 137] SALTADO         : ya existe 30433649-8 → Laura Lorca
[FILA 138] SALTADO         : ya existe 16674349-4 → Valentina Vega
[FILA 139] SALTADO         : ya existe 15128434-5 → María José Gómez
[FILA 140] SALTADO         : ya existe 22546466-9 → Sofía Saavedra
[FILA 141] SALTADO         : ya existe 35585616-K → Francisco Fuentes
[FILA 142] SALTADO         : ya existe 15420686-8 → Fernanda Contreras
[FILA 143] SALTADO         : ya existe 28098556-2 → Yasna Maldonado
[FILA 144] SALTADO         : ya existe 36126369-3 → Fernanda Sandoval
[FILA 145] SALTADO         : ya existe 27795716-7 → Melissa Donoso
[FILA 146] SALTADO         : ya existe 10019189-K → José Miguel Bravo
[FILA 147] SALTADO         : ya existe 30097245-4 → Ana María López
[FILA 148] SALTADO         : ya existe 20876872-7 → Diego Carrasco
[FILA 149] SALTADO         : ya existe 26394887-4 → Ángela Figueroa
[FILA 150] SALTADO         : ya existe 10653531-0 → Sandra Molina
[FILA 151] SALTADO         : ya existe 13753657-9 → Rodrigo Bustos
[FILA 152] SALTADO         : ya existe 22179613-6 → María Fernanda Orellana
[FILA 153] SALTADO         : ya existe 39485013-6 → Patricia Rojas
[FILA 154] SALTADO         : ya existe 37906064-1 → Claudia Ramírez
[FILA 155] SALTADO         : ya existe 37070870-3 → Leonardo Ojeda
[FILA 156] SALTADO         : ya existe 20318461-1 → Miguel Maldonado
[FILA 157] SALTADO         : ya existe 18034686-4 → Camila González
[FILA 158] SALTADO         : ya existe 11943646-K → Diego Arenas
[FILA 159] SALTADO         : ya existe 18082309-3 → Fernanda Guajardo
[FILA 160] SALTADO         : ya existe 39461113-1 → Verónica Luna
[FILA 161] SALTADO         : ya existe 29037339-5 → Pedro Navarrete
[FILA 162] SALTADO         : ya existe 12642648-8 → Rodrigo Morales
[FILA 163] SALTADO         : ya existe 12874052-K → Sergio Navarrete
[FILA 164] RECHAZADO       : Talla inválida: 6 → Ximena Astudillo
[FILA 165] SALTADO         : ya existe 26307133-6 → Isabel Álvarez
[FILA 166] SALTADO         : ya existe 37381196-3 → Juana Silva
[FILA 167] SALTADO         : ya existe 12322386-1 → Yolanda Saavedra
[FILA 168] SALTADO         : ya existe 35521573-3 → Francisca Castro
[FILA 169] RECHAZADO       : RUT inválido: 27874652-9 → Pedro Gómez
[FILA 170] SALTADO         : ya existe 35697139-6 → Elena Ramírez
[FILA 171] IGNORADO        : fila vacía
[FILA 172] RECHAZADO       : RUT inválido: 14219822-4 → Constanza Mendoza
[FILA 173] RECHAZADO       : Talla inválida: XXL → Juana Donoso
[FILA 174] RECHAZADO       : Talla inválida: XXL → Sergio Villarreal
[FILA 175] SALTADO         : ya existe 25947830-8 → Luis Ángel Silva
[FILA 176] IGNORADO        : fila vacía
[FILA 177] SALTADO         : ya existe 28448347-2 → Miguel Navarrete
[FILA 178] RECHAZADO       : RUT inválido: 15540741-K → María Fernanda Bustos
[FILA 179] SALTADO         : ya existe 18893824-8 → María José Reyes
[FILA 180] RECHAZADO       : RUT inválido: 27705794-6 → Francisca Torres
[FILA 181] SALTADO         : ya existe 39273995-5 → Francisca Sandoval
[FILA 182] SALTADO         : ya existe 30353914-K → Rodrigo Araya
[FILA 183] SALTADO         : ya existe 24198153-3 → Nicolás Jiménez
[FILA 184] SALTADO         : ya existe 17106768-5 → Érica Sandoval
[FILA 185] SALTADO         : ya existe 28095773-9 → Felipe Álvarez
[FILA 186] SALTADO         : ya existe 35342494-7 → Marco Antonio Gallardo
[FILA 187] RECHAZADO       : RUT inválido: 34492422-4 → Miguel Villalobos
[FILA 188] SALTADO         : ya existe 33148116-5 → María López
[FILA 189] RECHAZADO       : RUT inválido: 16749509-2 → Yolanda Leiva
[FILA 190] SALTADO         : ya existe 33922597-4 → Hugo Zamora
[FILA 191] RECHAZADO       : Fecha inválida: 14 de enero de 1978 → Pablo Morales
[FILA 192] SALTADO         : ya existe 23387959-2 → Renata Romero
[FILA 193] SALTADO         : ya existe 32538074-8 → Ignacio Luna
[FILA 194] SALTADO         : ya existe 31806289-7 → Juan Pablo Morales
[FILA 195] SALTADO         : ya existe 22529912-9 → Carolina López
[FILA 196] SALTADO         : ya existe 24700199-9 → Fernanda Gallardo
[FILA 197] SALTADO         : ya existe 27366963-9 → María Fernanda Ojeda
[FILA 198] SALTADO         : ya existe 25149361-8 → Felipe Leal
[FILA 199] SALTADO         : ya existe 14060227-2 → Alejandro Aguilera
[FILA 200] SALTADO         : ya existe 18318332-K → María Paz Arenas
[FILA 201] SALTADO         : ya existe 17539591-1 → Isabel Castro
[FILA 202] SALTADO         : ya existe 12148352-1 → Renata Miranda
[FILA 203] SALTADO         : ya existe 21344269-4 → Érica Silva
[FILA 204] SALTADO         : ya existe 10705792-7 → Víctor Ramírez
[FILA 205] SALTADO         : ya existe 29740364-8 → Felipe Ramírez
[FILA 206] SALTADO         : ya existe 28586522-0 → Juana Palma
[FILA 207] SALTADO         : ya existe 17721369-1 → María Paz Ramírez
[FILA 208] SALTADO         : ya existe 29744773-4 → Marco Antonio Cifuentes
[FILA 209] SALTADO         : ya existe 17389269-1 → Fernanda Castillo
[FILA 210] SALTADO         : ya existe 10241284-2 → Ángela López
[FILA 211] SALTADO         : ya existe 12382132-7 → Ximena Soto
[FILA 212] SALTADO         : ya existe 33751200-3 → Jorge Jiménez
[FILA 213] SALTADO         : ya existe 31176301-6 → Catalina Moreno
[FILA 214] RECHAZADO       : RUT inválido: 11975475-3 → Ignacio Bravo
[FILA 215] SALTADO         : ya existe 17682011-K → Gabriela Arenas
[FILA 216] SALTADO         : ya existe 12261579-0 → Óscar Navarro
[FILA 217] SALTADO         : ya existe 11054043-4 → Leonardo Arenas
[FILA 218] SALTADO         : ya existe 38844577-7 → Javiera Maldonado
[FILA 219] SALTADO         : ya existe 21087340-6 → Gabriela Álvarez
[FILA 220] SALTADO         : ya existe 12377578-3 → María Fernanda Ruiz
[FILA 221] SALTADO         : ya existe 27252216-2 → Camila Pizarro
[FILA 222] SALTADO         : ya existe 17986110-0 → Marco Antonio Navarrete
[FILA 223] SALTADO         : ya existe 19344146-7 → Verónica Villalobos
[FILA 224] SALTADO         : ya existe 32447169-3 → Javiera Luna
[FILA 225] IGNORADO        : fila vacía
[FILA 226] SALTADO         : ya existe 26287807-4 → Pablo Poblete
[FILA 227] RECHAZADO       : RUT inválido: 17188594-0 → Rodrigo Tapia
[FILA 228] RECHAZADO       : Talla inválida: XXL → Álvaro Aguilera
[FILA 229] SALTADO         : ya existe 14439648-0 → Luis Morales
[FILA 230] RECHAZADO       : RUT inválido: 34271684-K → Ignacio Moreno
[FILA 231] SALTADO         : ya existe 39607862-7 → Karla Bravo
[FILA 232] SALTADO         : ya existe 29161026-9 → Rosa Alarcón
[FILA 233] SALTADO         : ya existe 29334454-K → Bárbara Zamora
[FILA 234] SALTADO         : ya existe 25860207-2 → Pamela Palma
[FILA 235] SALTADO         : ya existe 18153634-9 → Óscar Reyes
[FILA 236] RECHAZADO       : RUT inválido: 36327459-8 → Renata Mendoza
[FILA 237] SALTADO         : ya existe 25870338-3 → Renata Villarreal
[FILA 238] SALTADO         : ya existe 37095103-9 → Ximena Farías
[FILA 239] SALTADO         : ya existe 23658665-0 → Carlos Alberto Navarro
[FILA 240] SALTADO         : ya existe 16389096-8 → María José Muñoz
[FILA 241] RECHAZADO       : Talla inválida: 10 → Carlos Molina
[FILA 242] SALTADO         : ya existe 13252458-0 → Marco Gómez
[FILA 243] SALTADO         : ya existe 32111791-0 → Lorena Ruiz
[FILA 244] SALTADO         : ya existe 24463677-2 → Juana Zenteno
[FILA 245] SALTADO         : ya existe 21888253-6 → Marcela Fernández
[FILA 246] SALTADO         : ya existe 24212940-7 → Yolanda Vargas
[FILA 247] SALTADO         : ya existe 23794303-1 → Luis Ángel Poblete
[FILA 248] SALTADO         : ya existe 25670747-0 → Luis Fernández
[FILA 249] SALTADO         : ya existe 38985551-0 → Karla Carrasco
[FILA 250] SALTADO         : ya existe 34463726-1 → Melissa Herrera
[FILA 251] SALTADO         : ya existe 11817683-9 → Patricia Zenteno
[FILA 252] SALTADO         : ya existe 32594364-5 → Francisca Espinoza
[FILA 253] SALTADO         : ya existe 31926327-6 → Pilar Tapia
[FILA 254] SALTADO         : ya existe 31682194-4 → Camila Navarrete
[FILA 255] SALTADO         : ya existe 13302355-0 → Nicolás Pizarro
[FILA 256] SALTADO         : ya existe 12033823-4 → Sofía Lorca
[FILA 257] SALTADO         : ya existe 23509728-1 → Alejandro Salinas
[FILA 258] SALTADO         : ya existe 34434793-K → Constanza Fernández
[FILA 259] SALTADO         : ya existe 21385106-3 → María Jiménez
[FILA 260] SALTADO         : ya existe 36863426-3 → Francisca Astudillo
[FILA 261] SALTADO         : ya existe 38912932-1 → Eduardo Rojas
[FILA 262] SALTADO         : ya existe 13666460-3 → Laura Vidal
[FILA 263] SALTADO         : ya existe 18343522-1 → Pamela Vera
[FILA 264] SALTADO         : ya existe 16428696-7 → Lorena Arenas
[FILA 265] SALTADO         : ya existe 16382351-9 → Úrsula Molina
[FILA 266] SALTADO         : ya existe 27994763-0 → Gabriela Vargas
[FILA 267] SALTADO         : ya existe 25052972-4 → Ricardo Zamora
[FILA 268] SALTADO         : ya existe 14703737-6 → Claudia Vargas
[FILA 269] SALTADO         : ya existe 24155998-K → Érica Zamora
[FILA 270] SALTADO         : ya existe 16156836-8 → Gonzalo Ruiz
[FILA 271] SALTADO         : ya existe 19346424-6 → Valentina Pacheco
[FILA 272] SALTADO         : ya existe 25523222-3 → José Miguel Miranda
[FILA 273] SALTADO         : ya existe 18382113-K → Eduardo Torres
[FILA 274] SALTADO         : ya existe 39342879-1 → Carolina Luna
[FILA 275] SALTADO         : ya existe 12529497-9 → Víctor Silva
[FILA 276] SALTADO         : ya existe 24869000-3 → Sergio Maldonado
[FILA 277] SALTADO         : ya existe 37112727-5 → Karla Flores
[FILA 278] SALTADO         : ya existe 38902079-6 → Pablo Fuentes
[FILA 279] SALTADO         : ya existe 38721482-8 → Marcela Arias
[FILA 280] RECHAZADO       : RUT inválido: 28465853-9 → Juan Pablo Reyes
[FILA 281] SALTADO         : ya existe 13285271-5 → Ricardo Álvarez
[FILA 282] SALTADO         : ya existe 11697462-2 → Pablo Pacheco
[FILA 283] SALTADO         : ya existe 31882351-0 → Felipe Fernández
[FILA 284] RECHAZADO       : Fecha inválida: 10/20/1969 → Marcela Valdivia
[FILA 285] SALTADO         : ya existe 38052430-9 → Javiera Gómez
[FILA 286] SALTADO         : ya existe 10495191-0 → Sebastián Navarro
[FILA 287] SALTADO         : ya existe 13129379-8 → Carolina Gutiérrez
[FILA 288] SALTADO         : ya existe 35285462-K → Carlos Alberto Castro
[FILA 289] SALTADO         : ya existe 38477503-9 → Gonzalo Cifuentes
[FILA 290] SALTADO         : ya existe 17931579-3 → Francisca Farías
[FILA 291] SALTADO         : ya existe 15580474-2 → Yolanda Saavedra
[FILA 292] SALTADO         : ya existe 23636992-7 → María Paz Astudillo
[FILA 293] SALTADO         : ya existe 26295412-9 → Diego López
[FILA 294] SALTADO         : ya existe 26151708-6 → María Olivares
[FILA 295] SALTADO         : ya existe 17172169-5 → María José Paredes
[FILA 296] SALTADO         : ya existe 39012852-5 → Nicolás Acuña
[FILA 297] SALTADO         : ya existe 23456679-2 → Óscar Martínez
[FILA 298] SALTADO         : ya existe 11967477-8 → María Paz Lagos
[FILA 299] SALTADO         : ya existe 15524305-8 → Melissa Gallardo
[FILA 300] SALTADO         : ya existe 22716227-9 → Eduardo Rojas
[FILA 301] RECHAZADO       : Talla inválida: 6 → Miguel Alarcón
[FILA 302] SALTADO         : ya existe 23100380-0 → Marco Antonio Sánchez
[FILA 303] SALTADO         : ya existe 18898737-0 → María José Castillo
[FILA 304] RECHAZADO       : RUT inválido: 36309043-8 → Juan Carlos Villalobos
[FILA 305] SALTADO         : ya existe 36344569-1 → María Fernanda Mendoza
[FILA 306] SALTADO         : ya existe 25267547-7 → Leonardo Salinas
[FILA 307] SALTADO         : ya existe 19571375-8 → Marco Antonio Paredes
[FILA 308] SALTADO         : ya existe 24193775-5 → Gabriela Pacheco
[FILA 309] SALTADO         : ya existe 33373732-9 → Ángela Navarro
[FILA 310] SALTADO         : ya existe 34511690-7 → Rodrigo Moreno
[FILA 311] SALTADO         : ya existe 36285251-K → Yasna Zamora
[FILA 312] IGNORADO        : fila vacía
[FILA 313] SALTADO         : ya existe 28648490-5 → Isabel Olivares
[FILA 314] SALTADO         : ya existe 32208715-2 → Érica Lagos
[FILA 315] SALTADO         : ya existe 34105781-7 → Ángela Pizarro
[FILA 316] SALTADO         : ya existe 26329982-5 → Mauricio Vega
[FILA 317] SALTADO         : ya existe 15194119-2 → Raúl Farías
[FILA 318] RECHAZADO       : Talla inválida: XXXL → Hugo Fuentes
[FILA 319] SALTADO         : ya existe 19955862-5 → José Miguel Moreno
[FILA 320] SALTADO         : ya existe 17304829-7 → Javiera Rojas
[FILA 321] SALTADO         : ya existe 11962373-1 → Claudia Torres
[FILA 322] SALTADO         : ya existe 29434065-3 → Daniel Vidal
[FILA 323] SALTADO         : ya existe 34687243-8 → Jorge Vargas
[FILA 324] SALTADO         : ya existe 28193052-4 → Gabriela Villarreal
[FILA 325] SALTADO         : ya existe 12045396-3 → José Miguel Cifuentes
[FILA 326] SALTADO         : ya existe 35097895-K → Ricardo Zamora
[FILA 327] SALTADO         : ya existe 20522831-4 → Carlos Alberto Villalobos
[FILA 328] SALTADO         : ya existe 11918148-8 → Carlos Cruz
[FILA 329] SALTADO         : ya existe 11682497-3 → Elena Castro
[FILA 330] SALTADO         : ya existe 29601747-7 → Ignacio Martínez
[FILA 331] SALTADO         : ya existe 25998367-3 → Daniela Acuña
[FILA 332] SALTADO         : ya existe 26872858-9 → Rosa Guajardo
[FILA 333] SALTADO         : ya existe 38612531-7 → Eduardo Vega
[FILA 334] SALTADO         : ya existe 27821635-7 → Ana María Leal
[FILA 335] SALTADO         : ya existe 15282565-K → Nicolás Ojeda
[FILA 336] SALTADO         : ya existe 11908561-6 → Luis Ángel Cruz
[FILA 337] RECHAZADO       : Talla inválida: XXXL → Verónica Palma
[FILA 338] SALTADO         : ya existe 12688094-4 → Luis Ángel Gutiérrez
[FILA 339] SALTADO         : ya existe 38566315-3 → Roberto Poblete
[FILA 340] SALTADO         : ya existe 16235251-2 → Camila Palma
[FILA 341] RECHAZADO       : RUT inválido: 12299194-K → José Bustos
[FILA 342] SALTADO         : ya existe 29966065-6 → Pablo Guajardo
[FILA 343] IGNORADO        : fila vacía
[FILA 344] SALTADO         : ya existe 12280388-0 → Yasna Reyes
[FILA 345] IGNORADO        : fila vacía
[FILA 346] SALTADO         : ya existe 32656373-0 → Ignacio Leal
[FILA 347] SALTADO         : ya existe 38917853-5 → Bárbara Leiva
[FILA 348] RECHAZADO       : Fecha inválida: 29 de enero de 2021 → Miguel Espinoza
[FILA 349] SALTADO         : ya existe 23548459-5 → Esteban Arenas
[FILA 350] SALTADO         : ya existe 14022727-7 → Camila Navarro
[FILA 351] SALTADO         : ya existe 39873085-2 → Esteban Poblete
[FILA 352] SALTADO         : ya existe 29115134-5 → Marco Flores
[FILA 353] SALTADO         : ya existe 18261616-8 → Sebastián Morales
[FILA 354] SALTADO         : ya existe 29425300-9 → Sandra Cortés
[FILA 355] SALTADO         : ya existe 29948752-0 → Verónica Sandoval
[FILA 356] SALTADO         : ya existe 11333508-4 → Víctor Cifuentes
[FILA 357] SALTADO         : ya existe 30782994-0 → Bárbara Ibáñez
[FILA 358] SALTADO         : ya existe 12750906-9 → Isabel Carrasco
[FILA 359] SALTADO         : ya existe 24066853-K → Yasna Núñez
[FILA 360] SALTADO         : ya existe 32057783-7 → Esteban Contreras
[FILA 361] RECHAZADO       : Fecha inválida: 08/22/1968 → Francisca González
[FILA 362] SALTADO         : ya existe 28965868-8 → Lorena Arenas
[FILA 363] RECHAZADO       : RUT inválido: 27541677-3 → Laura Reyes
[FILA 364] RECHAZADO       : RUT inválido: 20615610-9 → Víctor Molina
[FILA 365] RECHAZADO       : RUT inválido: 18749844-8 → Pilar Leal
[FILA 366] SALTADO         : ya existe 16853801-4 → Víctor Zenteno
[FILA 367] SALTADO         : ya existe 32472274-2 → Hugo Baeza
[FILA 368] RECHAZADO       : Parte numérica inválida → Francisca Palma
[FILA 369] SALTADO         : ya existe 20542261-7 → Renata Valdivia
[FILA 370] RECHAZADO       : Talla inválida: XS → Úrsula Saavedra
[FILA 371] SALTADO         : ya existe 18912544-5 → Hugo Quiroz
[FILA 372] SALTADO         : ya existe 23280369-K → Renata Vargas
[FILA 373] SALTADO         : ya existe 14391546-8 → Pedro Núñez
[FILA 374] SALTADO         : ya existe 32538183-3 → Sandra Jiménez
[FILA 375] SALTADO         : ya existe 31659412-3 → Melissa Molina
[FILA 376] SALTADO         : ya existe 20066231-8 → Érica Pizarro
[FILA 377] SALTADO         : ya existe 25341910-5 → Juan Zamora
[FILA 378] SALTADO         : ya existe 20609146-0 → Constanza Vidal
[FILA 379] SALTADO         : ya existe 35228385-1 → Miguel Paredes
[FILA 380] RECHAZADO       : RUT inválido: 12434143-1 → Melissa Baeza
[FILA 381] SALTADO         : ya existe 10312574-K → Mónica Martínez
[FILA 382] SALTADO         : ya existe 25377510-6 → Sebastián Pizarro
[FILA 383] SALTADO         : ya existe 30842645-9 → Pilar Cifuentes
[FILA 384] SALTADO         : ya existe 28890931-8 → Marco Bustos
[FILA 385] SALTADO         : ya existe 13354814-9 → Isabel Vera
[FILA 386] SALTADO         : ya existe 12458221-0 → Francisco Ibáñez
[FILA 387] SALTADO         : ya existe 28040017-3 → Jorge Ibáñez
[FILA 388] SALTADO         : ya existe 17152271-4 → Yolanda Cifuentes
[FILA 389] SALTADO         : ya existe 26974673-4 → Francisca Álvarez
[FILA 390] SALTADO         : ya existe 18898649-8 → Lorena Bravo
[FILA 391] SALTADO         : ya existe 14444504-K → Roberto Zapata
[FILA 392] RECHAZADO       : RUT inválido: 21710793-9 → Luis Castro
[FILA 393] SALTADO         : ya existe 39556897-3 → Yasna Díaz
[FILA 394] IGNORADO        : fila vacía
[FILA 395] SALTADO         : ya existe 12308253-2 → Yasna Palma
[FILA 396] SALTADO         : ya existe 39503413-8 → Daniel Gutiérrez
[FILA 397] SALTADO         : ya existe 18196824-9 → Ximena Palma
[FILA 398] SALTADO         : ya existe 22399271-4 → Daniel Salinas
[FILA 399] SALTADO         : ya existe 19562590-5 → Sergio Lorca
[FILA 400] SALTADO         : ya existe 15293105-0 → Sebastián Cárdenas
[FILA 401] SALTADO         : ya existe 24703034-4 → Fernanda López
[FILA 402] SALTADO         : ya existe 37975838-K → Bárbara Castro
[FILA 403] SALTADO         : ya existe 28227370-5 → Daniela Valdivia
[FILA 404] SALTADO         : ya existe 33606882-7 → Diego Contreras
[FILA 405] SALTADO         : ya existe 20150790-1 → Sebastián Alarcón
[FILA 406] SALTADO         : ya existe 30524499-6 → Sergio Ojeda
[FILA 407] SALTADO         : ya existe 37081780-4 → Mónica Salinas
[FILA 408] RECHAZADO       : Talla inválida: 10 → Álvaro Gómez
[FILA 409] SALTADO         : ya existe 27748304-1 → Gonzalo Valdivia
[FILA 410] SALTADO         : ya existe 10262499-8 → Esteban Vega
[FILA 411] SALTADO         : ya existe 32409770-8 → Sofía Palma
[FILA 412] SALTADO         : ya existe 37417465-7 → Sofía Reyes
[FILA 413] SALTADO         : ya existe 28609364-7 → Sandra Molina
[FILA 414] SALTADO         : ya existe 20045483-9 → Édgar Baeza
[FILA 415] SALTADO         : ya existe 32259631-6 → Mónica Mendoza
[FILA 416] IGNORADO        : fila vacía
[FILA 417] SALTADO         : ya existe 13475786-8 → Carlos Alberto Martínez
[FILA 418] SALTADO         : ya existe 39465051-K → Álvaro Castro
[FILA 419] SALTADO         : ya existe 14506062-1 → María Zapata
[FILA 420] SALTADO         : ya existe 18874003-0 → Luis Ángel Contreras
[FILA 421] SALTADO         : ya existe 13873143-K → Yasna Palma
[FILA 422] SALTADO         : ya existe 39853804-8 → Mauricio Arenas
[FILA 423] SALTADO         : ya existe 13591531-9 → Carlos Alberto Mendoza
[FILA 424] SALTADO         : ya existe 34911370-8 → Valentina Díaz
[FILA 425] SALTADO         : ya existe 28563105-K → Daniela Figueroa
[FILA 426] SALTADO         : ya existe 15215966-8 → Carlos Alberto Valdivia
[FILA 427] SALTADO         : ya existe 19138489-K → Diego Díaz
[FILA 428] RECHAZADO       : Talla inválida: XXL → Felipe Arias
[FILA 429] SALTADO         : ya existe 30294721-K → María José Núñez
[FILA 430] SALTADO         : ya existe 17067558-4 → Óscar Olivares
[FILA 431] SALTADO         : ya existe 34079069-3 → Carlos Alberto Sandoval
[FILA 432] SALTADO         : ya existe 21505153-6 → Nicolás Medina
[FILA 433] SALTADO         : ya existe 16831592-9 → Daniel Ruiz
[FILA 434] SALTADO         : ya existe 33068575-1 → Juana Alarcón
[FILA 435] SALTADO         : ya existe 31281494-3 → Roberto Castro
[FILA 436] SALTADO         : ya existe 38619005-4 → Marco Figueroa
[FILA 437] SALTADO         : ya existe 18857829-2 → Édgar Paredes
[FILA 438] SALTADO         : ya existe 26958713-K → Juana Olivares
[FILA 439] SALTADO         : ya existe 26392408-8 → Pamela Arias
[FILA 440] SALTADO         : ya existe 18426230-4 → Constanza Contreras
[FILA 441] SALTADO         : ya existe 38390529-K → Rosa González
[FILA 442] SALTADO         : ya existe 11704528-5 → María José Torres
[FILA 443] SALTADO         : ya existe 13097022-2 → Pedro Lorca
[FILA 444] SALTADO         : ya existe 31283054-K → Jorge Vidal
[FILA 445] RECHAZADO       : Parte numérica inválida → Alejandro Vidal
[FILA 446] SALTADO         : ya existe 37828304-3 → María Fernanda Cruz
[FILA 447] SALTADO         : ya existe 19283847-9 → Juan Carlos Carrasco
[FILA 448] SALTADO         : ya existe 11479306-K → Fernanda Figueroa
[FILA 449] SALTADO         : ya existe 10118973-2 → Juan Carlos Contreras
[FILA 450] SALTADO         : ya existe 21192300-8 → Raúl Romero
[FILA 451] SALTADO         : ya existe 35874467-2 → Renata Silva
[FILA 452] SALTADO         : ya existe 14389579-3 → Rosa Morales
[FILA 453] SALTADO         : ya existe 31377977-7 → María José Saavedra
[FILA 454] SALTADO         : ya existe 18789760-2 → Patricia Navarro
[FILA 455] IGNORADO        : fila vacía
[FILA 456] SALTADO         : ya existe 15421791-6 → Javiera Olivares
[FILA 457] SALTADO         : ya existe 34871582-8 → Rodrigo Ruiz
[FILA 458] SALTADO         : ya existe 24825539-0 → Javiera Pizarro
[FILA 459] SALTADO         : ya existe 28511323-7 → Ricardo Leal
[FILA 460] SALTADO         : ya existe 33678270-8 → Constanza Muñoz
[FILA 461] RECHAZADO       : RUT inválido: 24350791-3 → María Paz Pacheco
[FILA 462] SALTADO         : ya existe 28820911-1 → Ignacio Ojeda
[FILA 463] IGNORADO        : fila vacía
[FILA 464] SALTADO         : ya existe 10324461-7 → Óscar Leiva
[FILA 465] SALTADO         : ya existe 13753864-4 → Hugo Herrera
[FILA 466] SALTADO         : ya existe 12524764-4 → María Paz Maldonado
[FILA 467] SALTADO         : ya existe 39632133-5 → Roberto Espinoza
[FILA 468] SALTADO         : ya existe 33186770-5 → Sofía Arias
[FILA 469] SALTADO         : ya existe 15001431-K → Hugo Espinoza
[FILA 470] SALTADO         : ya existe 28306972-9 → Rodrigo Villarreal
[FILA 471] SALTADO         : ya existe 11208903-9 → Ricardo Zenteno
[FILA 472] SALTADO         : ya existe 38004361-0 → Felipe Lorca
[FILA 473] SALTADO         : ya existe 22388832-1 → Mónica Villalobos
[FILA 474] SALTADO         : ya existe 29545777-5 → Isabel Ortiz
[FILA 475] SALTADO         : ya existe 28539665-4 → Verónica Lorca
[FILA 476] SALTADO         : ya existe 14969202-9 → Sofía Olivares
[FILA 477] SALTADO         : ya existe 24421249-2 → Renata Sánchez
[FILA 478] SALTADO         : ya existe 14276362-1 → Daniel Núñez
[FILA 479] SALTADO         : ya existe 11403543-2 → Carlos Molina
[FILA 480] SALTADO         : ya existe 20343433-2 → Ricardo Navarrete
[FILA 481] SALTADO         : ya existe 22235674-1 → Marco Antonio Mendoza
[FILA 482] SALTADO         : ya existe 36713431-3 → Sergio Espinoza
[FILA 483] SALTADO         : ya existe 38880386-K → Rosa Ortiz
[FILA 484] SALTADO         : ya existe 11338649-5 → Alejandro Zapata
[FILA 485] SALTADO         : ya existe 22006085-3 → Laura Molina
[FILA 486] SALTADO         : ya existe 17048998-5 → Leonardo Morales
[FILA 487] SALTADO         : ya existe 32886360-K → Daniela Mendoza
[FILA 488] RECHAZADO       : RUT inválido: 18372828-1 → Verónica Espinoza
[FILA 489] SALTADO         : ya existe 32378571-6 → Nicolás Muñoz
[FILA 490] SALTADO         : ya existe 13449181-7 → Renata Villarreal
[FILA 491] SALTADO         : ya existe 21867485-2 → Alejandro Lorca
[FILA 492] SALTADO         : ya existe 36176357-2 → Mauricio Gómez
[FILA 493] SALTADO         : ya existe 28786573-2 → Renata Astudillo
[FILA 494] SALTADO         : ya existe 39666637-5 → Patricia Navarrete
[FILA 495] SALTADO         : ya existe 39350488-9 → Ximena Leiva
[FILA 496] SALTADO         : ya existe 23635762-7 → Víctor Farías
[FILA 497] SALTADO         : ya existe 30825944-7 → Ignacio Villarreal
[FILA 498] SALTADO         : ya existe 35148295-8 → Ángela Gómez
[FILA 499] RECHAZADO       : RUT inválido: 15185949-5 → Carlos Alberto Fernández
[FILA 500] SALTADO         : ya existe 17943586-1 → José Miguel Luna
[FILA 501] SALTADO         : ya existe 39011353-6 → Carolina Rojas
[FILA 502] SALTADO         : ya existe 15452654-4 → Melissa Gallardo
[FILA 503] SALTADO         : ya existe 36839754-7 → Francisca Ruiz
[FILA 504] SALTADO         : ya existe 37204984-7 → Leonardo Bravo
[FILA 505] SALTADO         : ya existe 15940891-4 → Juana Moreno
[FILA 506] SALTADO         : ya existe 39575420-3 → Óscar Salinas
[FILA 507] SALTADO         : ya existe 23834304-6 → Leonardo Zenteno
[FILA 508] IGNORADO        : fila vacía
[FILA 509] IGNORADO        : fila vacía
[FILA 510] IGNORADO        : fila basura
[FILA 511] IGNORADO        : fila basura
