[Fila 001] Actualizado     : Juan Pérez (Copia) (11111111-1)
[Fila 002] Actualizado     : María González (Copia) (22222222-2)
[Fila 003] Actualizado     : Pedro Soto (Copia) (33333333-3)
[Fila 004] Actualizado     : Édgar Paredes (17029889-6)
[Fila 005] Actualizado     : Víctor Pacheco (32487347-3)
[Fila 006] Actualizado     : Gabriela Gallardo (18958289-7)
[Fila 007] Actualizado     : Melissa Muñoz (33549181-5)
[Fila 008] Actualizado     : Camila Bustos (32936053-9)
[Fila 009] Actualizado     : Catalina Mendoza (31744459-1)
[Fila 010] Actualizado     : Lorena Morales (12395870-5)
[Fila 011] Actualizado     : Juan Carlos Torres (30439044-1)
[Fila 012] Actualizado     : Édgar Villarreal (31306335-6)
[Fila 013] Actualizado     : Renata Medina (15742460-2)
[Fila 014] Actualizado     : Luis Ángel Quiroz (27922760-3)
[Fila 015] Actualizado     : Valeria Jiménez (34465435-2)
[Fila 016] Actualizado     : Pilar Farías (18214491-6)
[Fila 017] Actualizado     : Isabel Arias (15482877-K)
[Fila 018] Actualizado     : Juan Pablo Cifuentes (25510878-6)
[Fila 019] Actualizado     : José Vera (22732411-2)
[Fila 020] Actualizado     : Valeria Bravo (19057945-K)
[Fila 021] Actualizado     : Melissa Navarro (31474828-K)
[Fila 022] Actualizado     : Marcela Silva (33090883-1)
[Fila 023] Actualizado     : Elena Donoso (28688132-7)
[Fila 024] Actualizado     : Pilar Vega (17369062-2)
[Fila 025] Actualizado     : Diego Gómez (32971842-5)
[Fila 026] Actualizado     : Ángela Cortés (20881122-3)
[Fila 027] Actualizado     : Úrsula Moreno (38281417-7)
[Fila 028] Actualizado     : Pablo Carrasco (35780325-K)
[Fila 029] Actualizado     : Pablo Zenteno (36038236-2)
[FILA 030] IGNORADO        : fila vacía
[Fila 031] Actualizado     : Camila Arenas (11876966-K)
[Fila 032] Actualizado     : Lorena Palma (17685577-0)
[Fila 033] Actualizado     : Jorge Muñoz (37575119-4)
[Fila 034] Actualizado     : Pedro Gómez (11077105-3)
[Fila 035] Actualizado     : Juan Carlos Maldonado (37012854-5)
[Fila 036] Actualizado     : Juana Zenteno (20584847-9)
[Fila 037] Actualizado     : Nicolás Vargas (23460856-8)
[Fila 038] Actualizado     : Úrsula Ojeda (18983893-K)
[Fila 039] Actualizado     : Pedro Astudillo (12220921-0)
[FILA 040] RECHAZADO       : RUT inválido
[FILA 041] IGNORADO        : fila vacía
[Fila 042] Actualizado     : Camila Contreras (29031404-6)
[FILA 043] IGNORADO        : fila vacía
[Fila 044] Actualizado     : Elena Pacheco (39406017-8)
[Fila 045] Actualizado     : Francisca Baeza (34089205-4)
[Fila 046] Actualizado     : Rosa Medina (20558837-K)
[Fila 047] Actualizado     : Claudia Tapia (17134562-6)
[FILA 048] IGNORADO        : fila vacía
[Fila 049] Actualizado     : Carlos Alberto Gallardo (31992872-3)
[Fila 050] Actualizado     : Miguel Medina (26751421-6)
[FILA 051] IGNORADO        : fila vacía
[FILA 052] RECHAZADO       : Fecha inválida: 01.08.1988
[FILA 053] IGNORADO        : fila vacía
[Fila 054] Actualizado     : María Zenteno (39685040-0)
[Fila 055] Actualizado     : Luis Ángel Farías (31570529-0)
[Fila 056] Actualizado     : Rodrigo Vidal (25396513-4)
[FILA 057] RECHAZADO       : Fecha inválida: 1 de julio de 1967
[Fila 058] Actualizado     : Jorge Farías (18887903-9)
[Fila 059] Actualizado     : José Miguel Vera (14685216-5)
[Fila 060] Actualizado     : Carolina Pacheco (18275445-5)
[Fila 061] Actualizado     : Sofía Romero (34997682-K)
[Fila 062] Actualizado     : Gabriela Martínez (28836388-9)
[Fila 063] Actualizado     : Érica Cárdenas (28085076-4)
[Fila 064] Actualizado     : Fernanda Torres (18816145-6)
[Fila 065] Actualizado     : Víctor Figueroa (35065624-3)
[Fila 066] Actualizado     : Édgar Cifuentes (29615450-4)
[Fila 067] Actualizado     : Raúl Guajardo (24375853-K)
[Fila 068] Actualizado     : Víctor Pacheco (29580115-8)
[Fila 069] Actualizado     : José Miguel Torres (23401657-1)
[Fila 070] Actualizado     : Víctor Arenas (22146585-7)
[Fila 071] Actualizado     : Ignacio Paredes (17359183-7)
[Fila 072] Actualizado     : Javiera Leal (14641643-8)
[FILA 073] RECHAZADO       : RUT inválido
[Fila 074] Actualizado     : Sergio Lagos (26559643-6)
[FILA 075] RECHAZADO       : RUT inválido
[Fila 076] Actualizado     : Ricardo Sánchez (35359841-4)
[Fila 077] Actualizado     : Sofía Cárdenas (11580963-6)
[Fila 078] Actualizado     : Laura Ramírez (38893819-6)
[Fila 079] Actualizado     : Daniel Contreras (13679214-8)
[Fila 080] Actualizado     : Édgar Díaz (15128503-1)
[Fila 081] Actualizado     : Gabriela Espinoza (31053595-8)
[Fila 082] Actualizado     : Melissa Poblete (15368105-8)
[Fila 083] Actualizado     : Patricia Navarro (36577773-K)
[Fila 084] Actualizado     : Mónica Figueroa (32833160-8)
[Fila 085] Actualizado     : Víctor Leal (24165337-4)
[Fila 086] Actualizado     : Marco Vega (30012166-7)
[Fila 087] Actualizado     : Víctor Rojas (12131636-6)
[Fila 088] Actualizado     : Raúl Martínez (22910648-1)
[Fila 089] Actualizado     : María Fernanda Figueroa (22805018-0)
[Fila 090] Actualizado     : Ximena Romero (29994697-5)
[FILA 091] IGNORADO        : fila vacía
[Fila 092] Actualizado     : Melissa Leal (25705148-K)
[Fila 093] Actualizado     : María Bustos (27754131-9)
[Fila 094] Actualizado     : Catalina Carrasco (18436057-8)
[Fila 095] Actualizado     : Claudia Cárdenas (28563180-7)
[Fila 096] Actualizado     : Pablo Leal (38882973-7)
[Fila 097] Actualizado     : Javiera Farías (10385239-0)
[Fila 098] Actualizado     : Melissa Soto (32826523-0)
[Fila 099] Actualizado     : Francisco Poblete (34183411-2)
[FILA 100] RECHAZADO       : Talla inválida: XXXL
[Fila 101] Actualizado     : Ángela Ojeda (32874404-K)
[Fila 102] Actualizado     : Víctor Araya (39688573-5)
[Fila 103] Actualizado     : Roberto Romero (28017734-2)
[Fila 104] Actualizado     : Esteban Araya (35195278-4)
[Fila 105] Actualizado     : Juan Astudillo (18953167-2)
[Fila 106] Actualizado     : Marco Antonio Farías (35789893-5)
[Fila 107] Actualizado     : Juana López (31507109-7)
[Fila 108] Actualizado     : Luis Ángel Zenteno (21414394-1)
[FILA 109] RECHAZADO       : RUT inválido
[Fila 110] Actualizado     : Rosa Arenas (19848230-7)
[Fila 111] Actualizado     : Pedro Espinoza (24588301-3)
[FILA 112] RECHAZADO       : valor no reconocido: True
[Fila 113] Actualizado     : Luis Ángel Farías (25224441-7)
[Fila 114] Actualizado     : Daniela Villarreal (10108894-4)
[Fila 115] Actualizado     : Carolina González (34229388-3)
[Fila 116] Actualizado     : Roberto Bravo (39388747-8)
[Fila 117] Actualizado     : Luis Ángel González (34148476-6)
[Fila 118] Actualizado     : Renata Bustos (18837869-2)
[Fila 119] Actualizado     : Elena Contreras (26796882-9)
[Fila 120] Actualizado     : Leonardo Silva (35567208-5)
[Fila 121] Actualizado     : Jorge Palma (15994562-6)
[Fila 122] Actualizado     : Ignacio Navarrete (27034970-6)
[Fila 123] Actualizado     : Camila Paredes (13570554-3)
[Fila 124] Actualizado     : Óscar Reyes (39209756-2)
[Fila 125] Actualizado     : Juan Pablo Ríos (30981592-0)
[Fila 126] Actualizado     : Francisca Mendoza (20014145-8)
[Fila 127] Actualizado     : Elena Zenteno (38241736-4)
[Fila 128] Actualizado     : Jorge Pacheco (31439587-5)
[Fila 129] Actualizado     : Esteban Ibáñez (27034339-2)
[FILA 130] IGNORADO        : fila vacía
[Fila 131] Actualizado     : Laura Lorca (30433649-8)
[Fila 132] Actualizado     : Valentina Vega (16674349-4)
[Fila 133] Actualizado     : María José Gómez (15128434-5)
[Fila 134] Actualizado     : Sofía Saavedra (22546466-9)
[Fila 135] Actualizado     : Francisco Fuentes (35585616-K)
[Fila 136] Actualizado     : Fernanda Contreras (15420686-8)
[Fila 137] Actualizado     : Yasna Maldonado (28098556-2)
[Fila 138] Actualizado     : Fernanda Sandoval (36126369-3)
[Fila 139] Actualizado     : Melissa Donoso (27795716-7)
[Fila 140] Actualizado     : José Miguel Bravo (10019189-K)
[Fila 141] Actualizado     : Ana María López (30097245-4)
[Fila 142] Actualizado     : Diego Carrasco (20876872-7)
[Fila 143] Actualizado     : Ángela Figueroa (26394887-4)
[Fila 144] Actualizado     : Sandra Molina (10653531-0)
[Fila 145] Actualizado     : Rodrigo Bustos (13753657-9)
[Fila 146] Actualizado     : María Fernanda Orellana (22179613-6)
[Fila 147] Actualizado     : Patricia Rojas (39485013-6)
[Fila 148] Actualizado     : Claudia Ramírez (37906064-1)
[Fila 149] Actualizado     : Leonardo Ojeda (37070870-3)
[Fila 150] Actualizado     : Miguel Maldonado (20318461-1)
[Fila 151] Actualizado     : Camila González (18034686-4)
[Fila 152] Actualizado     : Diego Arenas (11943646-K)
[Fila 153] Actualizado     : Fernanda Guajardo (18082309-3)
[Fila 154] Actualizado     : Verónica Luna (39461113-1)
[Fila 155] Actualizado     : Pedro Navarrete (29037339-5)
[Fila 156] Actualizado     : Rodrigo Morales (12642648-8)
[FILA 157] RECHAZADO       : Fecha inválida: 31.10.1961
[FILA 158] RECHAZADO       : Talla inválida: 6
[Fila 159] Actualizado     : Isabel Álvarez (26307133-6)
[Fila 160] Actualizado     : Juana Silva (37381196-3)
[Fila 161] Actualizado     : Yolanda Saavedra (12322386-1)
[Fila 162] Actualizado     : Francisca Castro (35521573-3)
[FILA 163] RECHAZADO       : RUT inválido
[Fila 164] Actualizado     : Elena Ramírez (35697139-6)
[FILA 165] IGNORADO        : fila vacía
[FILA 166] RECHAZADO       : RUT inválido
[FILA 167] RECHAZADO       : Talla inválida: XXL
[FILA 168] RECHAZADO       : Talla inválida: XXL
[Fila 169] Actualizado     : Luis Ángel Silva (25947830-8)
[FILA 170] IGNORADO        : fila vacía
[Fila 171] Actualizado     : Miguel Navarrete (28448347-2)
[FILA 172] RECHAZADO       : RUT inválido
[Fila 173] Actualizado     : María José Reyes (18893824-8)
[FILA 174] RECHAZADO       : RUT inválido
[Fila 175] Actualizado     : Francisca Sandoval (39273995-5)
[Fila 176] Actualizado     : Rodrigo Araya (30353914-K)
[Fila 177] Actualizado     : Nicolás Jiménez (24198153-3)
[Fila 178] Actualizado     : Érica Sandoval (17106768-5)
[Fila 179] Actualizado     : Felipe Álvarez (28095773-9)
[Fila 180] Actualizado     : Marco Antonio Gallardo (35342494-7)
[FILA 181] RECHAZADO       : RUT inválido
[Fila 182] Actualizado     : María López (33148116-5)
[FILA 183] RECHAZADO       : RUT inválido
[Fila 184] Actualizado     : Hugo Zamora (33922597-4)
[FILA 185] RECHAZADO       : Fecha inválida: 14 de enero de 1978
[Fila 186] Actualizado     : Renata Romero (23387959-2)
[Fila 187] Actualizado     : Ignacio Luna (32538074-8)
[Fila 188] Actualizado     : Juan Pablo Morales (31806289-7)
[Fila 189] Actualizado     : Carolina López (22529912-9)
[Fila 190] Actualizado     : Fernanda Gallardo (24700199-9)
[Fila 191] Actualizado     : María Fernanda Ojeda (27366963-9)
[Fila 192] Actualizado     : Felipe Leal (25149361-8)
[Fila 193] Actualizado     : Alejandro Aguilera (14060227-2)
[Fila 194] Actualizado     : María Paz Arenas (18318332-K)
[Fila 195] Actualizado     : Isabel Castro (17539591-1)
[Fila 196] Actualizado     : Renata Miranda (12148352-1)
[Fila 197] Actualizado     : Érica Silva (21344269-4)
[Fila 198] Actualizado     : Víctor Ramírez (10705792-7)
[Fila 199] Actualizado     : Felipe Ramírez (29740364-8)
[Fila 200] Actualizado     : Juana Palma (28586522-0)
[Fila 201] Actualizado     : María Paz Ramírez (17721369-1)
[FILA 202] RECHAZADO       : valor no reconocido: False
[Fila 203] Actualizado     : Fernanda Castillo (17389269-1)
[Fila 204] Actualizado     : Ángela López (10241284-2)
[Fila 205] Actualizado     : Ximena Soto (12382132-7)
[Fila 206] Actualizado     : Jorge Jiménez (33751200-3)
[Fila 207] Actualizado     : Catalina Moreno (31176301-6)
[FILA 208] RECHAZADO       : RUT inválido
[Fila 209] Actualizado     : Gabriela Arenas (17682011-K)
[Fila 210] Actualizado     : Óscar Navarro (12261579-0)
[Fila 211] Actualizado     : Leonardo Arenas (11054043-4)
[Fila 212] Actualizado     : Javiera Maldonado (38844577-7)
[Fila 213] Actualizado     : Gabriela Álvarez (21087340-6)
[Fila 214] Actualizado     : María Fernanda Ruiz (12377578-3)
[Fila 215] Actualizado     : Camila Pizarro (27252216-2)
[Fila 216] Actualizado     : Marco Antonio Navarrete (17986110-0)
[Fila 217] Actualizado     : Verónica Villalobos (19344146-7)
[Fila 218] Actualizado     : Javiera Luna (32447169-3)
[FILA 219] IGNORADO        : fila vacía
[Fila 220] Actualizado     : Pablo Poblete (26287807-4)
[FILA 221] RECHAZADO       : RUT inválido
[FILA 222] RECHAZADO       : Talla inválida: XXL
[Fila 223] Actualizado     : Luis Morales (14439648-0)
[FILA 224] RECHAZADO       : RUT inválido
[Fila 225] Actualizado     : Karla Bravo (39607862-7)
[Fila 226] Actualizado     : Rosa Alarcón (29161026-9)
[Fila 227] Actualizado     : Bárbara Zamora (29334454-K)
[Fila 228] Actualizado     : Pamela Palma (25860207-2)
[Fila 229] Actualizado     : Óscar Reyes (18153634-9)
[FILA 230] RECHAZADO       : RUT inválido
[Fila 231] Actualizado     : Renata Villarreal (25870338-3)
[Fila 232] Actualizado     : Ximena Farías (37095103-9)
[Fila 233] Actualizado     : Carlos Alberto Navarro (23658665-0)
[Fila 234] Actualizado     : María José Muñoz (16389096-8)
[FILA 235] RECHAZADO       : Talla inválida: 10
[Fila 236] Actualizado     : Marco Gómez (13252458-0)
[Fila 237] Actualizado     : Lorena Ruiz (32111791-0)
[Fila 238] Actualizado     : Juana Zenteno (24463677-2)
[Fila 239] Actualizado     : Marcela Fernández (21888253-6)
[Fila 240] Actualizado     : Yolanda Vargas (24212940-7)
[Fila 241] Actualizado     : Luis Ángel Poblete (23794303-1)
[Fila 242] Actualizado     : Luis Fernández (25670747-0)
[Fila 243] Actualizado     : Karla Carrasco (38985551-0)
[Fila 244] Actualizado     : Melissa Herrera (34463726-1)
[Fila 245] Actualizado     : Patricia Zenteno (11817683-9)
[Fila 246] Actualizado     : Francisca Espinoza (32594364-5)
[Fila 247] Actualizado     : Pilar Tapia (31926327-6)
[Fila 248] Actualizado     : Camila Navarrete (31682194-4)
[Fila 249] Actualizado     : Nicolás Pizarro (13302355-0)
[Fila 250] Actualizado     : Sofía Lorca (12033823-4)
[Fila 251] Actualizado     : Alejandro Salinas (23509728-1)
[Fila 252] Actualizado     : Constanza Fernández (34434793-K)
[Fila 253] Actualizado     : María Jiménez (21385106-3)
[Fila 254] Actualizado     : Francisca Astudillo (36863426-3)
[Fila 255] Actualizado     : Eduardo Rojas (38912932-1)
[Fila 256] Actualizado     : Laura Vidal (13666460-3)
[Fila 257] Actualizado     : Pamela Vera (18343522-1)
[Fila 258] Actualizado     : Lorena Arenas (16428696-7)
[Fila 259] Actualizado     : Úrsula Molina (16382351-9)
[Fila 260] Actualizado     : Gabriela Vargas (27994763-0)
[Fila 261] Actualizado     : Ricardo Zamora (25052972-4)
[Fila 262] Actualizado     : Claudia Vargas (14703737-6)
[Fila 263] Actualizado     : Érica Zamora (24155998-K)
[Fila 264] Actualizado     : Gonzalo Ruiz (16156836-8)
[Fila 265] Actualizado     : Valentina Pacheco (19346424-6)
[Fila 266] Actualizado     : José Miguel Miranda (25523222-3)
[Fila 267] Actualizado     : Eduardo Torres (18382113-K)
[Fila 268] Actualizado     : Carolina Luna (39342879-1)
[Fila 269] Actualizado     : Víctor Silva (12529497-9)
[Fila 270] Actualizado     : Sergio Maldonado (24869000-3)
[Fila 271] Actualizado     : Karla Flores (37112727-5)
[Fila 272] Actualizado     : Pablo Fuentes (38902079-6)
[FILA 273] RECHAZADO       : valor no reconocido: False
[FILA 274] RECHAZADO       : RUT inválido
[Fila 275] Actualizado     : Ricardo Álvarez (13285271-5)
[Fila 276] Actualizado     : Pablo Pacheco (11697462-2)
[Fila 277] Actualizado     : Felipe Fernández (31882351-0)
[FILA 278] RECHAZADO       : Fecha inválida: 10/20/1969
[Fila 279] Actualizado     : Javiera Gómez (38052430-9)
[Fila 280] Actualizado     : Sebastián Navarro (10495191-0)
[Fila 281] Actualizado     : Carolina Gutiérrez (13129379-8)
[Fila 282] Actualizado     : Carlos Alberto Castro (35285462-K)
[Fila 283] Actualizado     : Gonzalo Cifuentes (38477503-9)
[Fila 284] Actualizado     : Francisca Farías (17931579-3)
[Fila 285] Actualizado     : Yolanda Saavedra (15580474-2)
[Fila 286] Actualizado     : María Paz Astudillo (23636992-7)
[Fila 287] Actualizado     : Diego López (26295412-9)
[Fila 288] Actualizado     : María Olivares (26151708-6)
[Fila 289] Actualizado     : María José Paredes (17172169-5)
[Fila 290] Actualizado     : Nicolás Acuña (39012852-5)
[Fila 291] Actualizado     : Óscar Martínez (23456679-2)
[Fila 292] Actualizado     : María Paz Lagos (11967477-8)
[Fila 293] Actualizado     : Melissa Gallardo (15524305-8)
[Fila 294] Actualizado     : Eduardo Rojas (22716227-9)
[FILA 295] RECHAZADO       : Talla inválida: 6
[Fila 296] Actualizado     : Marco Antonio Sánchez (23100380-0)
[Fila 297] Actualizado     : María José Castillo (18898737-0)
[FILA 298] RECHAZADO       : RUT inválido
[Fila 299] Actualizado     : María Fernanda Mendoza (36344569-1)
[Fila 300] Actualizado     : Leonardo Salinas (25267547-7)
[Fila 301] Actualizado     : Marco Antonio Paredes (19571375-8)
[Fila 302] Actualizado     : Gabriela Pacheco (24193775-5)
[Fila 303] Actualizado     : Ángela Navarro (33373732-9)
[Fila 304] Actualizado     : Rodrigo Moreno (34511690-7)
[Fila 305] Actualizado     : Yasna Zamora (36285251-K)
[FILA 306] IGNORADO        : fila vacía
[Fila 307] Actualizado     : Isabel Olivares (28648490-5)
[Fila 308] Actualizado     : Érica Lagos (32208715-2)
[Fila 309] Actualizado     : Ángela Pizarro (34105781-7)
[Fila 310] Actualizado     : Mauricio Vega (26329982-5)
[Fila 311] Actualizado     : Raúl Farías (15194119-2)
[FILA 312] RECHAZADO       : Talla inválida: XXXL
[Fila 313] Actualizado     : José Miguel Moreno (19955862-5)
[Fila 314] Actualizado     : Javiera Rojas (17304829-7)
[Fila 315] Actualizado     : Claudia Torres (11962373-1)
[Fila 316] Actualizado     : Daniel Vidal (29434065-3)
[Fila 317] Actualizado     : Jorge Vargas (34687243-8)
[Fila 318] Actualizado     : Gabriela Villarreal (28193052-4)
[Fila 319] Actualizado     : José Miguel Cifuentes (12045396-3)
[Fila 320] Actualizado     : Ricardo Zamora (35097895-K)
[Fila 321] Actualizado     : Carlos Alberto Villalobos (20522831-4)
[Fila 322] Actualizado     : Carlos Cruz (11918148-8)
[Fila 323] Actualizado     : Elena Castro (11682497-3)
[Fila 324] Actualizado     : Ignacio Martínez (29601747-7)
[Fila 325] Actualizado     : Daniela Acuña (25998367-3)
[Fila 326] Actualizado     : Rosa Guajardo (26872858-9)
[Fila 327] Actualizado     : Eduardo Vega (38612531-7)
[Fila 328] Actualizado     : Ana María Leal (27821635-7)
[Fila 329] Actualizado     : Nicolás Ojeda (15282565-K)
[Fila 330] Actualizado     : Luis Ángel Cruz (11908561-6)
[FILA 331] RECHAZADO       : Talla inválida: XXXL
[Fila 332] Actualizado     : Luis Ángel Gutiérrez (12688094-4)
[FILA 333] RECHAZADO       : Fecha inválida: 17.11.2023
[FILA 334] RECHAZADO       : valor no reconocido: False
[FILA 335] RECHAZADO       : RUT inválido
[Fila 336] Actualizado     : Pablo Guajardo (29966065-6)
[FILA 337] IGNORADO        : fila vacía
[Fila 338] Actualizado     : Yasna Reyes (12280388-0)
[FILA 339] IGNORADO        : fila vacía
[Fila 340] Actualizado     : Ignacio Leal (32656373-0)
[Fila 341] Actualizado     : Bárbara Leiva (38917853-5)
[FILA 342] RECHAZADO       : Fecha inválida: 29 de enero de 2021
[Fila 343] Actualizado     : Esteban Arenas (23548459-5)
[Fila 344] Actualizado     : Camila Navarro (14022727-7)
[Fila 345] Actualizado     : Esteban Poblete (39873085-2)
[Fila 346] Actualizado     : Marco Flores (29115134-5)
[Fila 347] Actualizado     : Sebastián Morales (18261616-8)
[Fila 348] Actualizado     : Sandra Cortés (29425300-9)
[Fila 349] Actualizado     : Verónica Sandoval (29948752-0)
[Fila 350] Actualizado     : Víctor Cifuentes (11333508-4)
[Fila 351] Actualizado     : Bárbara Ibáñez (30782994-0)
[Fila 352] Actualizado     : Isabel Carrasco (12750906-9)
[Fila 353] Actualizado     : Yasna Núñez (24066853-K)
[Fila 354] Actualizado     : Esteban Contreras (32057783-7)
[FILA 355] RECHAZADO       : Fecha inválida: 08/22/1968
[Fila 356] Actualizado     : Lorena Arenas (28965868-8)
[FILA 357] RECHAZADO       : RUT inválido
[FILA 358] RECHAZADO       : RUT inválido
[FILA 359] RECHAZADO       : RUT inválido
[Fila 360] Actualizado     : Víctor Zenteno (16853801-4)
[Fila 361] Actualizado     : Hugo Baeza (32472274-2)
[FILA 362] RECHAZADO       : Parte numérica inválida
[Fila 363] Actualizado     : Renata Valdivia (20542261-7)
[FILA 364] RECHAZADO       : Talla inválida: XS
[Fila 365] Actualizado     : Hugo Quiroz (18912544-5)
[Fila 366] Actualizado     : Renata Vargas (23280369-K)
[Fila 367] Actualizado     : Pedro Núñez (14391546-8)
[Fila 368] Actualizado     : Sandra Jiménez (32538183-3)
[FILA 369] RECHAZADO       : valor no reconocido: True
[Fila 370] Actualizado     : Érica Pizarro (20066231-8)
[Fila 371] Actualizado     : Juan Zamora (25341910-5)
[Fila 372] Actualizado     : Constanza Vidal (20609146-0)
[Fila 373] Actualizado     : Miguel Paredes (35228385-1)
[FILA 374] RECHAZADO       : RUT inválido
[Fila 375] Actualizado     : Mónica Martínez (10312574-K)
[Fila 376] Actualizado     : Sebastián Pizarro (25377510-6)
[Fila 377] Actualizado     : Pilar Cifuentes (30842645-9)
[Fila 378] Actualizado     : Marco Bustos (28890931-8)
[Fila 379] Actualizado     : Isabel Vera (13354814-9)
[Fila 380] Actualizado     : Francisco Ibáñez (12458221-0)
[Fila 381] Actualizado     : Jorge Ibáñez (28040017-3)
[Fila 382] Actualizado     : Yolanda Cifuentes (17152271-4)
[Fila 383] Actualizado     : Francisca Álvarez (26974673-4)
[Fila 384] Actualizado     : Lorena Bravo (18898649-8)
[Fila 385] Actualizado     : Roberto Zapata (14444504-K)
[FILA 386] RECHAZADO       : RUT inválido
[Fila 387] Actualizado     : Yasna Díaz (39556897-3)
[FILA 388] IGNORADO        : fila vacía
[Fila 389] Actualizado     : Yasna Palma (12308253-2)
[Fila 390] Actualizado     : Daniel Gutiérrez (39503413-8)
[Fila 391] Actualizado     : Ximena Palma (18196824-9)
[Fila 392] Actualizado     : Daniel Salinas (22399271-4)
[Fila 393] Actualizado     : Sergio Lorca (19562590-5)
[Fila 394] Actualizado     : Sebastián Cárdenas (15293105-0)
[Fila 395] Actualizado     : Fernanda López (24703034-4)
[Fila 396] Actualizado     : Bárbara Castro (37975838-K)
[Fila 397] Actualizado     : Daniela Valdivia (28227370-5)
[Fila 398] Actualizado     : Diego Contreras (33606882-7)
[Fila 399] Actualizado     : Sebastián Alarcón (20150790-1)
[Fila 400] Actualizado     : Sergio Ojeda (30524499-6)
[Fila 401] Actualizado     : Mónica Salinas (37081780-4)
[FILA 402] RECHAZADO       : Talla inválida: 10
[Fila 403] Actualizado     : Gonzalo Valdivia (27748304-1)
[Fila 404] Actualizado     : Esteban Vega (10262499-8)
[Fila 405] Actualizado     : Sofía Palma (32409770-8)
[Fila 406] Actualizado     : Sofía Reyes (37417465-7)
[Fila 407] Actualizado     : Sandra Molina (28609364-7)
[Fila 408] Actualizado     : Édgar Baeza (20045483-9)
[Fila 409] Actualizado     : Mónica Mendoza (32259631-6)
[FILA 410] IGNORADO        : fila vacía
[Fila 411] Actualizado     : Carlos Alberto Martínez (13475786-8)
[Fila 412] Actualizado     : Álvaro Castro (39465051-K)
[Fila 413] Actualizado     : María Zapata (14506062-1)
[Fila 414] Actualizado     : Luis Ángel Contreras (18874003-0)
[Fila 415] Actualizado     : Yasna Palma (13873143-K)
[Fila 416] Actualizado     : Mauricio Arenas (39853804-8)
[Fila 417] Actualizado     : Carlos Alberto Mendoza (13591531-9)
[Fila 418] Actualizado     : Valentina Díaz (34911370-8)
[Fila 419] Actualizado     : Daniela Figueroa (28563105-K)
[Fila 420] Actualizado     : Carlos Alberto Valdivia (15215966-8)
[Fila 421] Actualizado     : Diego Díaz (19138489-K)
[FILA 422] RECHAZADO       : Talla inválida: XXL
[Fila 423] Actualizado     : María José Núñez (30294721-K)
[Fila 424] Actualizado     : Óscar Olivares (17067558-4)
[Fila 425] Actualizado     : Carlos Alberto Sandoval (34079069-3)
[Fila 426] Actualizado     : Nicolás Medina (21505153-6)
[Fila 427] Actualizado     : Daniel Ruiz (16831592-9)
[Fila 428] Actualizado     : Juana Alarcón (33068575-1)
[Fila 429] Actualizado     : Roberto Castro (31281494-3)
[Fila 430] Actualizado     : Marco Figueroa (38619005-4)
[Fila 431] Actualizado     : Édgar Paredes (18857829-2)
[Fila 432] Actualizado     : Juana Olivares (26958713-K)
[Fila 433] Actualizado     : Pamela Arias (26392408-8)
[Fila 434] Actualizado     : Constanza Contreras (18426230-4)
[Fila 435] Actualizado     : Rosa González (38390529-K)
[Fila 436] Actualizado     : María José Torres (11704528-5)
[Fila 437] Actualizado     : Pedro Lorca (13097022-2)
[Fila 438] Actualizado     : Jorge Vidal (31283054-K)
[FILA 439] RECHAZADO       : Parte numérica inválida
[Fila 440] Actualizado     : María Fernanda Cruz (37828304-3)
[Fila 441] Actualizado     : Juan Carlos Carrasco (19283847-9)
[Fila 442] Actualizado     : Fernanda Figueroa (11479306-K)
[Fila 443] Actualizado     : Juan Carlos Contreras (10118973-2)
[Fila 444] Actualizado     : Raúl Romero (21192300-8)
[Fila 445] Actualizado     : Renata Silva (35874467-2)
[Fila 446] Actualizado     : Rosa Morales (14389579-3)
[Fila 447] Actualizado     : María José Saavedra (31377977-7)
[Fila 448] Actualizado     : Patricia Navarro (18789760-2)
[FILA 449] IGNORADO        : fila vacía
[Fila 450] Actualizado     : Javiera Olivares (15421791-6)
[Fila 451] Actualizado     : Rodrigo Ruiz (34871582-8)
[Fila 452] Actualizado     : Javiera Pizarro (24825539-0)
[Fila 453] Actualizado     : Ricardo Leal (28511323-7)
[Fila 454] Actualizado     : Constanza Muñoz (33678270-8)
[FILA 455] RECHAZADO       : RUT inválido
[Fila 456] Actualizado     : Ignacio Ojeda (28820911-1)
[FILA 457] IGNORADO        : fila vacía
[Fila 458] Actualizado     : Óscar Leiva (10324461-7)
[Fila 459] Actualizado     : Hugo Herrera (13753864-4)
[Fila 460] Actualizado     : María Paz Maldonado (12524764-4)
[Fila 461] Actualizado     : Roberto Espinoza (39632133-5)
[Fila 462] Actualizado     : Sofía Arias (33186770-5)
[Fila 463] Actualizado     : Hugo Espinoza (15001431-K)
[Fila 464] Actualizado     : Rodrigo Villarreal (28306972-9)
[FILA 465] RECHAZADO       : valor no reconocido: True
[Fila 466] Actualizado     : Felipe Lorca (38004361-0)
[Fila 467] Actualizado     : Mónica Villalobos (22388832-1)
[Fila 468] Actualizado     : Isabel Ortiz (29545777-5)
[Fila 469] Actualizado     : Verónica Lorca (28539665-4)
[Fila 470] Actualizado     : Sofía Olivares (14969202-9)
[Fila 471] Actualizado     : Renata Sánchez (24421249-2)
[Fila 472] Actualizado     : Daniel Núñez (14276362-1)
[Fila 473] Actualizado     : Carlos Molina (11403543-2)
[Fila 474] Actualizado     : Ricardo Navarrete (20343433-2)
[Fila 475] Actualizado     : Marco Antonio Mendoza (22235674-1)
[Fila 476] Actualizado     : Sergio Espinoza (36713431-3)
[Fila 477] Actualizado     : Rosa Ortiz (38880386-K)
[Fila 478] Actualizado     : Alejandro Zapata (11338649-5)
[Fila 479] Actualizado     : Laura Molina (22006085-3)
[FILA 480] RECHAZADO       : valor no reconocido: False
[Fila 481] Actualizado     : Daniela Mendoza (32886360-K)
[FILA 482] RECHAZADO       : RUT inválido
[Fila 483] Actualizado     : Nicolás Muñoz (32378571-6)
[Fila 484] Actualizado     : Renata Villarreal (13449181-7)
[Fila 485] Actualizado     : Alejandro Lorca (21867485-2)
[Fila 486] Actualizado     : Mauricio Gómez (36176357-2)
[Fila 487] Actualizado     : Renata Astudillo (28786573-2)
[Fila 488] Actualizado     : Patricia Navarrete (39666637-5)
[Fila 489] Actualizado     : Ximena Leiva (39350488-9)
[Fila 490] Actualizado     : Víctor Farías (23635762-7)
[Fila 491] Actualizado     : Ignacio Villarreal (30825944-7)
[Fila 492] Actualizado     : Ángela Gómez (35148295-8)
[FILA 493] RECHAZADO       : RUT inválido
[Fila 494] Actualizado     : José Miguel Luna (17943586-1)
[Fila 495] Actualizado     : Carolina Rojas (39011353-6)
[Fila 496] Actualizado     : Melissa Gallardo (15452654-4)
[Fila 497] Actualizado     : Francisca Ruiz (36839754-7)
[Fila 498] Actualizado     : Leonardo Bravo (37204984-7)
[Fila 499] Actualizado     : Juana Moreno (15940891-4)
[Fila 500] Actualizado     : Óscar Salinas (39575420-3)
[Fila 501] Actualizado     : Leonardo Zenteno (23834304-6)
[FILA 502] IGNORADO        : fila vacía
[FILA 503] IGNORADO        : fila vacía
[FILA 504] RECHAZADO       : RUT vacío
[FILA 505] RECHAZADO       : RUT vacío
